                                                   LBPR5AFL
                                                LBPR5AFL_DICT

                                        C:\COUNTRIES\LB5A\LBPR5AFL.DCF
                                    Last Modified:  4/25/2012  8:02:44 AM

--------------------------------------------------------------------------------------------------------------
Level Name                    Level Label                                                  Type            Rec
  Record Name                   Record Label                                              Value  Req  Max  Len
--------------------------------------------------------------------------------------------------------------
HOUSEHOLD                     HOUSEHOLD
  RECORD1                       RECORD1                                                          Yes    1  597
Level: HOUSEHOLD                                       Record: RECORD1
--------------------------------------------------------------------------------------------------------------
                                                                                 Data Item            Dec Zero
Item Name              Item Label                                     Start  Len Type Type  Occ  Dec Char Fill
--------------------------------------------------------------------------------------------------------------
                         (record type)                                    0    0   AN    I    1    0   No   No
HHID              (id) Case Identification                                1   12   AN    I    1    0   No   No
HVIDX             (id) Line number                                       13    2    N    I    1    0   No   No
                               1:90  
HV000                  Country code and phase                            15    3   AN    I    1    0   No   No
HV001                  Cluster number                                    18    8    N    I    1    0   No   No
HV002                  Household number                                  26    4    N    I    1    0   No   No
HV003                  Respondent's line number                          30    3    N    I    1    0   No   No
                               1:999  
HV004                  Ultimate area unit                                33    4    N    I    1    0   No   No
HV005                  Sample weight                                     37    8    N    I    1    0   No   No
HV006                  Month of interview                                45    2    N    I    1    0   No   No
                               1:12  
HV007                  Year of interview                                 47    4    N    I    1    0   No   No
                               1999:2010  
HV008                  Date of interview (CMC)                           51    4    N    I    1    0   No   No
HV009                  Number of household members                       55    2    N    I    1    0   No   No
                               0:90  
HV010                  Number of eligible women in HH                    57    2    N    I    1    0   No   No
                               0:20  
HV011                  NA - Number of eligible men in HH                 59    2    N    I    1    0   No   No
                               0:20  
HV012                  Number of de jure members                         61    2    N    I    1    0   No   No
                               0:90  
HV013                  Number of de facto members                        63    2    N    I    1    0   No   No
                               0:90  
HV014                  Number of children 5 and under                    65    2    N    I    1    0   No   No
                               0:20  
HV015                  Result of household interview                     67    1    N    I    1    0   No   No
                               1  Completed
                               2  HH present, no resp
                               3  HH absent
                               4  Postponed
                               5  Refused
                               6  Dwelling vacant
                               7  Dwelling destroyed
                               8  Dwelling not found
                               9  Other
HV016                  Day of interview                                  68    2    N    I    1    0   No   No
                               1:31  
HV017                  Number of visits                                  70    1    N    I    1    0   No   No
                               1:5  
HV018                  Interviewer identification                        71    3    N    I    1    0   No   No
HV019                  Keyer identification                              74    2    N    I    1    0   No   No
HV020                  Ever-married sample                               76    1    N    I    1    0   No   No
                               0  All woman sample
                               1  Ever married sample
HV021                  Primary sampling unit                             77    4    N    I    1    0   No   No
HV022                  Sample stratum number                             81    4    N    I    1    0   No   No
HV023                  Sample domain                                     85    2    N    I    1    0   No   No
                               0  National
                               1  Country specific
HV024                  Region                                            87    2    N    I    1    0   No   No
                               1  Monrovia
                               2  North Western
                               3  South Central
                               4  South Eastern A
                               5  South Eastern B
                               6  North Central
HV025                  Type of place of residence                        89    1    N    I    1    0   No   No
                               1  Urban
                               2  Rural
HV026                  Place of residence                                90    1    N    I    1    0   No   No
                               0  Capital, large city
                               1  Small city
                               2  Town
                               3  Countryside
                           (m) 9  Missing
HV027                  NA - Selection for male/husb. int.                91    1    N    I    1    0   No   No
                               0  Not selected
                               1  Men's survey
                               2  Husband's survey
HV028                  Sample weight for male subsamp                    92    8    N    I    1    0   No   No
HV030                  Field supervisor                                 100    3    N    I    1    0   No   No
HV031                  NA - Field editor                                103    3    N    I    1    0   No   No
HV032                  Office editor                                    106    2    N    I    1    0   No   No
HV033                  NA - Ultimate area selection prob.               108    8    N    I    1    0   No   No
HV035                  NA - Number of eligible children for height & w  116    2    N    I    1    0   No   No
                               0:20  
HV040                  NA - Cluster altitude in meters                  118    4    N    I    1    0   No   No
HV041                  NA - Total adults measured                       122    2    N    I    1    0   No   No
                               0:15  
HV042                  Selection for hemoglobin                         124    1    N    I    1    0   No   No
                               0  Not selected
                               1  Selected
HV043                  NA - Selection for women's status module         125    1    N    I    1    0   No   No
                               0  Household not selected
                               1  Household selected
                          (na)    NotAppl
HV044                  NA - Selection for domestic violence module      126    1    N    I    1    0   No   No
                               0  Household not selected
                               1  Household selected
                          (na)    NotAppl
HV201                  Source of drinking water                         127    2    N    I    1    0   No   No
                               10  PIPED WATER
                               11  Piped into dwelling
                               12  Piped to yard/plot
                               13  Public tap/standpipe
                               20  TUBE WELL WATER
                               21  Tube well or borehole
                               30  DUG WELL (OPEN/PROTECTED)
                               31  Protected well
                               32  Unprotected well
                               40  SURFACE WATER
                               41  Protected spring
                               42  Unprotected spring
                               43  River/dam/lake/ponds/stream/canal/irirgation channel
                               51  Rainwater
                               61  Tanker truck
                               62  Cart with small tank
                               71  Bottled water
                               96  Other
                           (m) 99  Missing
                          (na)     NotAppl
HV202                  NA - Source of non-drinking water                129    2    N    I    1    0   No   No
                               10  PIPED WATER
                               11  Piped into dwelling
                               12  Piped to yard/plot
                               13  Public tap/standpipe
                               20  TUBE WELL WATER
                               21  Tube well or borehole
                               30  DUG WELL (OPEN/PROTECTED)
                               31  Protected well
                               32  Unprotected well
                               40  SURFACE WATER
                               41  Protected spring
                               42  Unprotected spring
                               43  River/dam/lake/ponds/stream/canal/irirgation channel
                               51  Rainwater
                               61  Tanker truck
                               62  Cart with small tank
                               71  Bottled water
                               96  Other
                           (m) 99  Missing
                          (na)     NotAppl
HV204                  NA - Time to get to water source                 131    3    N    I    1    0   No   No
                               1:500  
                               996    On premises
                           (m) 999    Missing
                          (na)        NotAppl
HV205                  Type of toilet facility                          134    2    N    I    1    0   No   No
                               10  FLUSH TOILET
                               11  Flush - to piped sewer system
                               12  Flush - to septic tank
                               13  Flush - to pit latrine
                               14  Flush - to somewhere else
                               15  Flush - don't know where
                               20  PIT TOILET LATRINE
                               21  Pit latrine - ventilated improved pit (VIP)
                               22  Pit latrine - with slab
                               23  Pit latrine - without slab / open pit
                               30  NO FACILITY
                               31  No facility / bush / field
                               41  Composting toilet
                               42  Bucket toilet
                               43  Hanging toilet/latrine
                               96  OTHER
                           (m) 99  Missing
                          (na)     NotAppl
HV206                  Has electricity                                  136    1    N    I    1    0   No   No
                               0  No
                               1  Yes
                           (m) 9  Missing
                          (na)    NotAppl
HV207                  Has radio                                        137    1    N    I    1    0   No   No
                               0  No
                               1  Yes
                           (m) 9  Missing
                          (na)    NotAppl
HV208                  Has television                                   138    1    N    I    1    0   No   No
                               0  No
                               1  Yes
                           (m) 9  Missing
                          (na)    NotAppl
HV209                  Has refrigerator                                 139    1    N    I    1    0   No   No
                               0  No
                               1  Yes
                           (m) 9  Missing
                          (na)    NotAppl
HV210                  Has bicycle                                      140    1    N    I    1    0   No   No
                               0  No
                               1  Yes
                           (m) 9  Missing
                          (na)    NotAppl
HV211                  Has motorcycle/scooter                           141    1    N    I    1    0   No   No
                               0  No
                               1  Yes
                           (m) 9  Missing
                          (na)    NotAppl
HV212                  Has car/truck                                    142    1    N    I    1    0   No   No
                               0  No
                               1  Yes
                           (m) 9  Missing
                          (na)    NotAppl
HV213                  Main floor material                              143    2    N    I    1    0   No   No
                               10  NATURAL
                               11  Earth, sand, mud
                               20  RUDIMENTARY
                               21  Wood planks
                               30  FINISHED
                               31  Parquet, polished wood
                               32  Floor mat, linoleum, vinyl
                               33  Ceramic tiles
                               34  Concrete, cement
                               35  Carpet
                               96  OTHER
                           (m) 99  Missing
                          (na)     NotAppl
HV214                  Main wall material                               145    2    N    I    1    0   No   No
                               10  NATURAL
                               11  Mud and sticks
                               12  Cane / palm / trunks
                               13  Straw, thatch mats
                               20  RUDIMENTARY
                               21  Mud bricks
                               22  Plywood, reused wood
                               23  Cardboard, plastic
                               30  FINISHED
                               31  Cement or stone blocks
                               32  Bricks
                               33  Wood planks / shingles
                               34  Zinc
                               96  OTHER
                           (m) 99  Missing
                          (na)     NotAppl
HV215                  Main roof material                               147    2    N    I    1    0   No   No
                               10  NATURAL
                               11  Thatch / palm leaf
                               20  RUDIMENTARY
                               21  Palm / bamboo / mats
                               22  Wood planks
                               23  Tarpaulin, plastic
                               30  FINISHED
                               31  Zinc, metal
                               32  Wood
                               34  Ceramic tiles
                               35  Concrete, cement
                               36  Asbestos sheets, shingles
                               96  OTHER
                           (m) 99  Missing
                          (na)     NotAppl
HV216                  Rooms used for sleeping                          149    2    N    I    1    0   No   No
                               0:24  
                           (m) 99    Missing
                          (na)       Not applicable
HV217                  Relationship structure                           151    1    N    I    1    0   No   No
                               0  No adults
                               1  One adult
                               2  Two adults, opp. sex
                               3  Two adults, same sex
                               4  Three+ related adult
                               5  Unrelated adults
HV218                  Line number of head of househ.                   152    2    N    I    1    0   No   No
                               1:90  
HV219                  Sex of head of household                         154    1    N    I    1    0   No   No
                               1  Male
                               2  Female
                           (m) 9  Missing
HV220                  Age of head of household                         155    2    N    I    1    0   No   No
                               0:96  
                               97    97+
                               98    DK
                           (m) 99    Missing
HV221                  NA - Has telephone                               157    1    N    I    1    0   No   No
                               0  No
                               1  Yes
                           (m) 9  Missing
                          (na)    NotAppl
HV225                  NA - Share toilet with other households          158    1    N    I    1    0   No   No
                               0  No
                               1  Yes
                           (m) 9  Missing
                          (na)    NotAppl
HV226                  Type of cooking fuel                             159    2    N    I    1    0   No   No
                               1   Electricity
                               2   LPG
                               3   Natural gas
                               4   Biogas
                               5   Kerosene
                               6   Coal, lignite
                               7   Charcoal
                               8   Wood
                               9   Straw / shrubs / grass
                               10  Agricultural crop
                               11  Animal dung
                               95  No food cooked in HH
                               96  Other
                           (m) 99  Missing
HV227                  Have bednet for sleeping                         161    1    N    I    1    0   No   No
                               0  No
                               1  Yes
                           (m) 9  Missing
HV228                  Children under 5 slept under bednet last night   162    1    N    I    1    0   No   No
                               0  No
                               1  All children
                               2  Some children
                               3  No bednet in HH
                           (m) 9  Missing
                          (na)    NotAppl
HV234                  NA - Test salt for Iodine                        163    3    N    I    1    0   No   No
                               0    0 PPM (No Iodine)
                               7    Below 15 PPM
                               15   15 PPM and above
                               30   30 PPM
                               994  Salt not tested
                               995  No salt in household
                           (m) 999  Missing
                          (na)      NotAppl
HV235                  NA - Location of source for water                166    1    N    I    1    0   No   No
                               1  In own dwelling
                               2  In own yard/plot
                               3  Elsewhere
                           (m) 9  Missing
                          (na)    Not applicable
HV236                  NA - Person fetching water                       167    1    N    I    1    0   No   No
                               1  Adult woman
                               2  Adult man
                               3  Female child under 15 years old
                               4  Male child under 15 years old
                               6  Other
                           (m) 9  Missing
                          (na)    Not applicable
HV237                  NA - Anything done to water to make safe to dri  168    1    N    I    1    0   No   No
                               0  No
                               1  Yes
                               8  Don't know
                           (m) 9  Missing
                          (na)    Not applicable
HV237A                 NA - Water usually treated by: boil              169    1    N    I    1    0   No   No
                               0  No
                               1  Yes
                           (m) 9  Missing
                          (na)    Not applicable
HV237B                 NA - Water usually treated by: add bleach/chlor  170    1    N    I    1    0   No   No
                               0  No
                               1  Yes
                           (m) 9  Missing
                          (na)    Not applicable
HV237C                 NA - Water usually treated by: strain through a  171    1    N    I    1    0   No   No
                               0  No
                               1  Yes
                           (m) 9  Missing
                          (na)    Not applicable
HV237D                 NA - Water usually treated by: use water filter  172    1    N    I    1    0   No   No
                               0  No
                               1  Yes
                           (m) 9  Missing
                          (na)    Not applicable
HV237E                 NA - Water usually treated by: solar disinfecti  173    1    N    I    1    0   No   No
                               0  No
                               1  Yes
                           (m) 9  Missing
                          (na)    Not applicable
HV237F                 NA - Water usually treated by: let it stand and  174    1    N    I    1    0   No   No
                               0  No
                               1  Yes
                           (m) 9  Missing
                          (na)    Not applicable
HV237G                 NA - Water usually treated by: CS                175    1    N    I    1    0   No   No
                               0  No
                               1  Yes
                           (m) 9  Missing
                          (na)    Not applicable
HV237H                 NA - Water usually treated by: CS                176    1    N    I    1    0   No   No
                               0  No
                               1  Yes
                           (m) 9  Missing
                          (na)    Not applicable
HV237I                 NA - Water usually treated by: CS                177    1    N    I    1    0   No   No
                               0  No
                               1  Yes
                           (m) 9  Missing
                          (na)    Not applicable
HV237J                 NA - Water usually treated by: CS                178    1    N    I    1    0   No   No
                               0  No
                               1  Yes
                           (m) 9  Missing
                          (na)    Not applicable
HV237K                 NA - Water usually treated by: CS                179    1    N    I    1    0   No   No
                               0  No
                               1  Yes
                           (m) 9  Missing
                          (na)    Not applicable
HV237X                 NA - Water usually treated by: other             180    1    N    I    1    0   No   No
                               0  No
                               1  Yes
                           (m) 9  Missing
                          (na)    Not applicable
HV237Z                 NA - Water usually treated by: don't know        181    1    N    I    1    0   No   No
                               0  No
                               1  Yes
                           (m) 9  Missing
                          (na)    Not applicable
HV238                  NA - Number of households sharing toilet         182    2    N    I    1    0   No   No
                               2:9  
                               95   10 or more households
                               98   Don't know
                           (m) 99   Missing
                          (na)      Not applicable
HV239                  NA - Food cooked on stove or open fire           184    1    N    I    1    0   No   No
                               1  Open fire
                               2  Open stove
                               3  Closed stove with chimney
                               6  Other
                           (m) 9  Missing
                          (na)    Not applicable
HV240                  NA - Household has a chimney, hood or neither    185    1    N    I    1    0   No   No
                               0  Neither chimney or hood
                               1  Chimney
                               2  Hood
                           (m) 9  Missing
                          (na)    Not applicable
HV241                  NA - Food cooked in the house / in separate bui  186    1    N    I    1    0   No   No
                               1  In the house
                               2  In a separate building
                               3  Outdoors
                               6  Other
                           (m) 9  Missing
                          (na)    Not applicable
HV242                  NA - Household has separate room used as kitche  187    1    N    I    1    0   No   No
                               0  No
                               1  Yes
                           (m) 9  Missing
                          (na)    Not applicable
HV243A                 Has a mobile telephone                           188    1    N    I    1    0   No   No
                               0  No
                               1  Yes
                           (m) 9  Missing
                          (na)    Not applicable
HV243B                 Has a watch                                      189    1    N    I    1    0   No   No
                               0  No
                               1  Yes
                           (m) 9  Missing
                          (na)    Not applicable
HV243C                 NA - Has an animal-drawn cart                    190    1    N    I    1    0   No   No
                               0  No
                               1  Yes
                           (m) 9  Missing
                          (na)    Not applicable
HV243D                 NA - Has a boat with a motor                     191    1    N    I    1    0   No   No
                               0  No
                               1  Yes
                           (m) 9  Missing
                          (na)    Not applicable
HV244                  NA - Own land usable for agriculture             192    1    N    I    1    0   No   No
                               0  No
                               1  Yes
                           (m) 9  Missing
                          (na)    Not applicable
HV245                  NA - Hectares for agricultural land              193    2    N    I    1    0   No   No
                               0:90  
                               95    More than 95
                               98    Unknown
                           (m) 99    Missing
                          (na)       Not applicable
HV246                  NA - Livestock, herds or farm animals            195    1    N    I    1    0   No   No
                               0  No
                               1  Yes
                           (m) 9  Missing
                          (na)    Not applicable
HV246A                 NA - Cattle own                                  196    2    N    I    1    0   No   No
                               0     None
                               1:94  
                               95    More than 95
                               98    Unknown
                           (m) 99    Missing
                          (na)       Not applicable
HV246B                 NA - Cows, bulls own                             198    2    N    I    1    0   No   No
                               0     None
                               1:94  
                               95    More than 95
                               98    Unknown
                           (m) 99    Missing
                          (na)       Not applicable
HV246C                 NA - Horses, donkeys, mules own                  200    2    N    I    1    0   No   No
                               0     None
                               1:94  
                               95    More than 95
                               98    Unknown
                           (m) 99    Missing
                          (na)       Not applicable
HV246D                 NA - Goats own                                   202    2    N    I    1    0   No   No
                               0     None
                               1:94  
                               95    More than 95
                               98    Unknown
                           (m) 99    Missing
                          (na)       Not applicable
HV246E                 NA - Sheep own                                   204    2    N    I    1    0   No   No
                               0     None
                               1:94  
                               95    More than 95
                               98    Unknown
                           (m) 99    Missing
                          (na)       Not applicable
HV246F                 NA - Chickens own                                206    2    N    I    1    0   No   No
                               0     None
                               1:94  
                               95    More than 95
                               98    Unknown
                           (m) 99    Missing
                          (na)       Not applicable
HV246G                 NA - CS own                                      208    2    N    I    1    0   No   No
                               0     None
                               1:94  
                               95    More than 95
                               98    Unknown
                           (m) 99    Missing
                          (na)       Not applicable
HV246H                 NA - CS own                                      210    2    N    I    1    0   No   No
                               0     None
                               1:94  
                               95    More than 95
                               98    Unknown
                           (m) 99    Missing
                          (na)       Not applicable
HV246I                 NA - CS own                                      212    2    N    I    1    0   No   No
                               0     None
                               1:94  
                               95    More than 95
                               98    Unknown
                           (m) 99    Missing
                          (na)       Not applicable
HV246J                 NA - CS own                                      214    2    N    I    1    0   No   No
                               0     None
                               1:94  
                               95    More than 95
                               98    Unknown
                           (m) 99    Missing
                          (na)       Not applicable
HV246K                 NA - CS own                                      216    2    N    I    1    0   No   No
                               0     None
                               1:94  
                               95    More than 95
                               98    Unknown
                           (m) 99    Missing
                          (na)       Not applicable
HV247                  NA - Owns a bank account                         218    1    N    I    1    0   No   No
                               0  No
                               1  Yes
                           (m) 9  Missing
                          (na)    Not applicable
HV248                  NA - Number of sick people 18-59                 219    2    N    I    1    0   No   No
                               0:20  
                          (na)       Not applicable
HV249                  NA - Member of the HH died last 12 months        221    1    N    I    1    0   No   No
                               0  No
                               1  Yes
                               8  DK
                               9  Missing
                          (na)    Not applicable
HV250                  NA - Number of members who died last 12 months   222    2    N    I    1    0   No   No
                               1:7  
                               8    DK
                           (m) 9    Missing
                          (na)      Not applicable
HV251                  NA - Number of orphans and vulnerable children   224    2    N    I    1    0   No   No
HV270                  Wealth index                                     226    1    N    I    1    0   No   No
                               1  Poorest
                               2  Poorer
                               3  Middle
                               4  Richer
                               5  Richest
HV271                  Wealth index factor score (5 decimals)           227    8    N    I    1    0   No   No
HML1                   Number of mosquito nets                          235    2    N    I    1    0   No   No
                               0:97  
                               98    Don't know
                           (m) 99    Missing
                          (na)       NotAppl
HML1A                  Number of mosquito nets with specific informati  237    1    N    I    1    0   No   No
                               0:7  
                          (na)      NotAppl
HML2                   Number of children under bednet previous night   238    2    N    I    1    0   No   No
                               0:50  
                           (m) 99    Missing
                          (na)       NotAppl
SHCOUNTY               County                                           240    2    N    I    1    0   No   No
                               3   Bomi
                               6   Bong
                               9   Grand Bassa
                               12  Grand Cape Mount
                               15  Grand Gedeh
                               16  Greater Monrovia
                               18  Grand Kru
                               21  Lofa
                               24  Margibi
                               27  Maryland
                               30  Montserrado
                               33  Nimba
                               36  River Cess
                               39  Sinoe
                               42  Rivergee
                               45  Gbarpolu
SHDIST                 District                                         242    2    N    I    1    0   No   No
                               1:34  
SH103B                 Generator                                        244    1    N    I    1    0   No   No
                               0  No
                               1  Yes
                           (m) 9  Missing
SH103F                 Table                                            245    1    N    I    1    0   No   No
                               0  No
                               1  Yes
                           (m) 9  Missing
SH103G                 Chairs                                           246    1    N    I    1    0   No   No
                               0  No
                               1  Yes
                           (m) 9  Missing
SH103H                 Cupboard                                         247    1    N    I    1    0   No   No
                               0  No
                               1  Yes
                           (m) 9  Missing
SH103I                 Mattress (not made of straw or grass)            248    1    N    I    1    0   No   No
                               0  No
                               1  Yes
                           (m) 9  Missing
SH103J                 Sewing machine                                   249    1    N    I    1    0   No   No
                               0  No
                               1  Yes
                           (m) 9  Missing
SH103L                 Computer                                         250    1    N    I    1    0   No   No
                               0  No
                               1  Yes
                           (m) 9  Missing
SH109E                 Boat or canoe                                    251    1    N    I    1    0   No   No
                               0  No
                               1  Yes
                           (m) 9  Missing
SH110                  Mosquito nets used while sleeping                252    1    N    I    1    0   No   No
                               0  No
                               1  Yes
                           (m) 9  Missing
SH111A                 Reason no mosquito nets in household: no mosqui  253    1    N    I    1    0   No   No
                               0  No
                               1  Yes
                           (m) 9  Missing
                          (na)    Not applicable
SH111B                 Reason no mosquito nets in household: not avail  254    1    N    I    1    0   No   No
                               0  No
                               1  Yes
                           (m) 9  Missing
                          (na)    Not applicable
SH111C                 Reason no mosquito nets in household: don't lik  255    1    N    I    1    0   No   No
                               0  No
                               1  Yes
                           (m) 9  Missing
                          (na)    Not applicable
SH111D                 Reason no mosquito nets in household: too expen  256    1    N    I    1    0   No   No
                               0  No
                               1  Yes
                           (m) 9  Missing
                          (na)    Not applicable
SH111X                 Reason no mosquito nets in household: other      257    1    N    I    1    0   No   No
                               0  No
                               1  Yes
                           (m) 9  Missing
                          (na)    Not applicable
SCWEIGHT               Sample weight for children selected for malaria  258    8    N    I    1    0   No   No
HV101                  Relationship to head                             266    2    N    I    1    0   No   No
                               1   Head
                               2   Wife or husband
                               3   Son/daughter
                               4   Son/daughter-in-law
                               5   Grandchild
                               6   Parent
                               7   Parent-in-law
                               8   Brother/sister
                               9   Co-spouse
                               10  Other relative
                               11  Adopted/foster child
                               12  Not related
                               13  Niece/nephew by blood
                               14  Niece/nephew by marriage
                               98  DK
                           (m) 99  Missing
HV102                  Usual resident                                   268    1    N    I    1    0   No   No
                               0  No
                               1  Yes
                           (m) 9  Missing
HV103                  Slept last night                                 269    1    N    I    1    0   No   No
                               0  No
                               1  Yes
                           (m) 9  Missing
HV104                  Sex of household member                          270    1    N    I    1    0   No   No
                               1  Male
                               2  Female
                           (m) 9  Missing
HV105                  Age of household members                         271    2    N    I    1    0   No   No
                               0:96  
                               97    97+
                               98    DK
                           (m) 99    Missing
HV106                  NA - Highest educational level                   273    1    N    I    1    0   No   No
                               0  No education, preschool
                               1  Primary
                               2  Secondary
                               3  Higher
                               8  DK
                           (m) 9  Missing
HV107                  NA - Highest year of education                   274    2    N    I    1    0   No   No
                               0:20  
                               98    DK
                           (m) 99    Missing
                          (na)       NotAppl
HV108                  NA - Education in single years                   276    2    N    I    1    0   No   No
                               0:20  
                               97    Inconsistent
                               98    DK
                           (m) 99    Missing
HV109                  NA - Educational attainment                      278    1    N    I    1    0   No   No
                               0  No education
                               1  Incomplete primary
                               2  Complete primary
                               3  Incomplete secondary
                               4  Complete secondary
                               5  Higher
                               8  DK
                           (m) 9  Missing
HV110                  NA - Member still in school                      279    1    N    I    1    0   No   No
                               0  No
                               1  Yes
                           (m) 9  Missing
HV111                  NA - Mother alive                                280    1    N    I    1    0   No   No
                               0  No
                               1  Yes
                               8  DK
                           (m) 9  Missing
                          (na)    NotAppl
HV112                  NA - Mother's line number                        281    2    N    I    1    0   No   No
                               0     Mother not in HH
                               1:90  
                           (m) 99    Missing
                          (na)       NotAppl
HV113                  NA - Father alive                                283    1    N    I    1    0   No   No
                               0  No
                               1  Yes
                               8  DK
                           (m) 9  Missing
                          (na)    NotAppl
HV114                  NA - Father's line number                        284    2    N    I    1    0   No   No
                               0     Father not in HH
                               1:90  
                           (m) 99    Missing
                          (na)       NotAppl
HV115                  NA - Current marital status                      286    1    N    I    1    0   No   No
                               0  Never married
                               1  Married
                               2  Living together
                               3  Widowed
                               4  Divorced
                               5  Not living together
                           (m) 9  Missing
                          (na)    NotAppl
HV116                  NA - Currently, formerly, never m.               287    1    N    I    1    0   No   No
                               0  Never married
                               1  Currently married
                               2  Formerly/ever marr.
                           (m) 9  Missing
                          (na)    NotAppl
HV117                  Eligibility for female interview                 288    1    N    I    1    0   No   No
                               0  Not eligible
                               1  Eligible
                          (na)    NotAppl
HV118                  NA - Eligibility for male interview              289    1    N    I    1    0   No   No
                               0  Not eligible
                               1  Eligible
                          (na)    NotAppl
HV120                  Children eligibility for height/weight and hemo  290    1    N    I    1    0   No   No
                               0  Not eligible
                               1  Eligible
                          (na)    NotAppl
HV121                  NA - Member attended school during current scho  291    1    N    I    1    0   No   No
                               0  No
                               1  Currently attending
                               2  Attended at some time
                           (m) 9  Missing
                          (na)    NotAppl
HV122                  NA - Educational level during current school ye  292    1    N    I    1    0   No   No
                               0  No education, preschool
                               1  Primary
                               2  Secondary
                               3  Higher
                               8  DK
                           (m) 9  Missing
HV123                  NA - Grade of education during current school y  293    2    N    I    1    0   No   No
                               0:20  
                               98    DK
                           (m) 99    Missing
                          (na)       NotAppl
HV124                  NA - Education in single years - current school  295    2    N    I    1    0   No   No
                               0:20  
                               97    Inconsistent
                               98    DK
                           (m) 99    Missing
HV125                  NA - Member attended school during previous sch  297    1    N    I    1    0   No   No
                               0  No
                               1  Yes
                           (m) 9  Missing
HV126                  NA - Educational level during previous school y  298    1    N    I    1    0   No   No
                               0  No education, preschool
                               1  Primary
                               2  Secondary
                               3  Higher
                               8  DK
                           (m) 9  Missing
HV127                  NA - Grade of education during previous school   299    2    N    I    1    0   No   No
                               0:20  
                               98    DK
                           (m) 99    Missing
                          (na)       NotAppl
HV128                  NA - Education in single years - previous schoo  301    2    N    I    1    0   No   No
                               0:20  
                               97    Inconsistent
                               98    DK
                           (m) 99    Missing
HV129                  NA - School attendance status                    303    1    N    I    1    0   No   No
                               0  Never attended
                               1  Entered school
                               2  Advanced
                               3  Repeating
                               4  Dropout
                               5  Left school 2+ years ago
                               8  DK
                           (m) 9  Missing
                          (na)    NotAppl
HV130                  NA - Member has been very sick for 3+ months la  304    1    N    I    1    0   No   No
                               0  No
                               1  Yes
                               8  DK
                           (m) 9  Missing
                          (na)    NotAppl
HV131                  NA - Mother has been very sick for 3+ months la  305    1    N    I    1    0   No   No
                               0  No
                               1  Yes
                               8  DK
                           (m) 9  Missing
                          (na)    NotAppl
HV132                  NA - Father has been very sick for 3+ months la  306    1    N    I    1    0   No   No
                               0  No
                               1  Yes
                               8  DK
                           (m) 9  Missing
                          (na)    NotAppl
HV133                  NA - Mother/father dead or been very sick for 3  307    1    N    I    1    0   No   No
                               0  No
                               1  Yes
                           (m) 9  Missing
                          (na)    NotAppl
HV134                  NA - Both parents alive                          308    1    N    I    1    0   No   No
                               0  No
                               1  Yes
                           (m) 9  Missing
                          (na)    NotAppl
HV135                  NA - Has brothers/sisters under 18 of the same   309    1    N    I    1    0   No   No
                               0  No
                               1  Yes
                               8  DK
                           (m) 9  Missing
                          (na)    NotAppl
HV136                  NA - Brothers/sisters under 18 that don't live   310    1    N    I    1    0   No   No
                               0  No
                               1  Yes
                           (m) 9  Missing
                          (na)    NotAppl
HV137                  NA - Member has a blanket                        311    1    N    I    1    0   No   No
                               0  No
                               1  Yes
                               8  DK
                           (m) 9  Missing
                          (na)    NotAppl
HV138                  NA - Member has a pair of shoes                  312    1    N    I    1    0   No   No
                               0  No
                               1  Yes
                               8  DK
                           (m) 9  Missing
                          (na)    NotAppl
HV139                  NA - Member has 2+ sets of clothes               313    1    N    I    1    0   No   No
                               0  No
                               1  Yes
                               8  DK
                           (m) 9  Missing
                          (na)    NotAppl
HV140                  NA - Member has a birth certificate              314    1    N    I    1    0   No   No
                               0  Neither certificate or registered
                               1  Has certificate
                               2  Registered
                               8  DK
                           (m) 9  Missing
                          (na)    NotAppl
IDXH4                  Index to household schedule                      315    2    N    I    1    0   No   No
                               1:90  
SH09                   Currently pregnant                               317    1    N    I    1    0   No   No
                               0  No/ don't know
                               1  Yes
                           (m) 9  Missing
                          (na)    Not applicable
SH11                   Sick with fever in last 4 weeks                  318    1    N    I    1    0   No   No
                               0  No
                               1  Yes
                               8  Don't know
                           (m) 9  Missing
                          (na)    Not applicable
SH12                   Any treatment for fever in last 4 weeks          319    1    N    I    1    0   No   No
                               0  No
                               1  Yes
                               8  Don't know
                           (m) 9  Missing
                          (na)    Not applicable
SH13                   Place for treatment of fever                     320    2    N    I    1    0   No   No
                               1   Government hospital
                               2   Government health center
                               3   Government health clinic
                               4   Private hospital/clinic
                               5   Pharmacy
                               6   Private doctor
                               7   Mobile clinic
                               8   Shop
                               9   Traditional practitioner
                               10  Black bagger, drug peddlar
                               96  other
                               98  Does not know
                           (m) 99  Missing
                          (na)     Not applicable
SH14                   Treatment cost (in Liberian dollars)             322    4    N    I    1    0   No   No
                               0       
                               1:9989  
                               9990    9990 or more
                               9998    Don't know
                           (m) 9999    Missing
                          (na)         Not applicable
SH211                  Result code for malaria test                     326    1    N    I    1    0   No   No
                               1  Tested
                               2  Not present
                               3  Refused
                               4  Slide missing or misplaced
                               6  Other
                           (m) 9  Missing
                          (na)    Not applicable
SH213                  Result of malaria test                           327    1    N    I    1    0   No   No
                               1  Positive
                               2  Negative
                               6  Other
                           (m) 9  Missing
                          (na)    Not applicable
SH214                  Malaria diagnosis action                         328    1    N    I    1    0   No   No
                               1  Accepted medicine
                               2  Refused
                               3  Already has ACT
                               4  Not eligible
                               6  Other
                           (m) 9  Missing
                          (na)    Not applicable
HA0                    NA - Index to household schedule                 329    2    N    I    1    0   No   No
                               1:90  
HA1                    NA - Women's age in years                        331    2    N    I    1    0   No   No
                               15:49  
HA2                    NA - Respondent's weight (kilos-1d)              333    4    N    I    1    0   No   No
                           (m) 9999  Missing
                          (na)       NotAppl
HA3                    NA - Respondent's height (cms-1d)                337    4    N    I    1    0   No   No
                           (m) 9999  Missing
                          (na)       NotAppl
HA4                    NA - Ht/A Percentile (resp.)                     341    4    N    I    1    0   No   No
                               9998  Flagged cases
                           (m) 9999  Missing
                          (na)       NotAppl
HA5                    NA - Ht/A Standard deviations (resp              345    4    N    I    1    0   No   No
                               9998  Flagged cases
                           (m) 9999  Missing
                          (na)       NotAppl
HA6                    NA - Ht/A Percent ref. median (resp              349    5    N    I    1    0   No   No
                               99998  Flagged cases
                           (m) 99999  Missing
                          (na)        NotAppl
HA11                   NA - Wt/Ht Std deviations(resp) DHS              354    4    N    I    1    0   No   No
                               9998  Flagged cases
                           (m) 9999  Missing
                          (na)       NotAppl
HA12                   NA - Wt/Ht Percent ref. median (DHS              358    5    N    I    1    0   No   No
                               99998  Flagged cases
                           (m) 99999  Missing
                          (na)        NotAppl
HA12A                  NA - Wt/Ht Percent ref. median (Fog              363    5    N    I    1    0   No   No
                               99998  Flagged cases
                           (m) 99999  Missing
                          (na)        NotAppl
HA12B                  NA - Wt/Ht Percent ref. median (WHO              368    5    N    I    1    0   No   No
                               99998  Flagged cases
                           (m) 99999  Missing
                          (na)        NotAppl
HA13                   NA - Result of measurement of resp.              373    1    N    I    1    0   No   No
                               0  Measured
                               3  Not present
                               4  Refused
                               6  Other
                           (m) 9  Missing
HA32                   NA - Date of birth (cmc)                         374    4    N    I    1    0   No   No
HA33                   NA - Completeness of information                 378    1    N    I    1    0   No   No
                               1  Month and year
                               2  Month and age -y imp
                               3  Year and age - m imp
                               4  Y & age - y ignored
                               5  Year - a, m imp
                               6  Age - y, m imp
                               7  Month - a, y imp
                               8  None - all imp
                          (na)    NotAppl
HA35                   NA - Smoking                                     379    2    N    I    1    0   No   No
                               0     Doesn't smoke
                               1:79  
                               80    80+
                               94    Smokes pipes, cigars, etc
                           (m) 99    Missing
                          (na)       Not applicable
HA40                   NA - Body mass index for respondent              381    4    N    I    1    0   No   No
                               9998  Flagged cases
                           (m) 9999  Missing
                          (na)       NotAppl
HA41                   NA - Rohrer's index for respondent               385    4    N    I    1    0   No   No
                               9998  Flagged cases
                           (m) 9999  Missing
                          (na)       NotAppl
HA50                   NA - Under age 18                                389    1    N    I    1    0   No   No
                               1  Under age 18
                               2  Age 18 or older
                           (m) 9  Missing
                          (na)    NotAppl
HA51                   NA - Line no. of parent/caretaker                390    2    N    I    1    0   No   No
                               0     Not in household
                               1:50  
                          (na)       NotAppl
HA52                   NA - Read consent statement                      392    1    N    I    1    0   No   No
                               1  Granted
                               2  Parent/Other responsible refused
                               3  Respondent refused
                           (m) 9  Missing
                          (na)    NotAppl
HA53                   NA - Hemoglobin level (g/dl - 1 decimal)         393    3    N    I    1    0   No   No
                           (m) 999  Missing
                          (na)      NotAppl
HA54                   NA - Currently pregnant                          396    1    N    I    1    0   No   No
                               0  No/don't know
                               1  Yes
                           (m) 9  Missing
                          (na)    NotAppl
HA55                   NA - Result of measuring (Hemoglobin)            397    1    N    I    1    0   No   No
                               0    Measured
                               1:2  
                               3    Not present
                               4    Refused
                               5    
                               6    Other
                           (m) 9    Missing
                          (na)      NotAppl
HA56                   NA - Hemoglobin level adjusted by altitude (g/d  398    3    N    I    1    0   No   No
                           (m) 999  Missing
                          (na)      NotAppl
HA57                   NA - Anemia level                                401    1    N    I    1    0   No   No
                               1  Severe
                               2  Moderate
                               3  Mild
                               4  Not anemic
                           (m) 9  Missing
                          (na)    NotAppl
HA58                   NA - Agrees to referral                          402    1    N    I    1    0   No   No
                               0  No
                               1  Yes
                           (m) 9  Missing
                          (na)    NotAppl
HA60                   NA - Marital status                              403    1    N    I    1    0   No   No
                               1  Never in union
                               2  Other
                          (na)    Not applicable
HA61                   NA - Read consent statement (HIV)                404    1    N    I    1    0   No   No
                               1  Granted
                               2  Parent/Other responsible refused
                               3  Respondent refused
                               4  Sample not tested/lost/not enough DBS
                           (m) 9  Missing
                          (na)    Not applicable
HA62                   NA - Blood sample ID number                      405    5   AN    I    1    0   No   No
HA63                   NA - Result of measuring (HIV)                   410    1    N    I    1    0   No   No
                               1  Blood taken
                               2  Not present
                               3  Refused
                               4  Sample not tested/lost
                               5  Not enough DBS to complete protocol
                               6  Other
                           (m) 9  Missing
                          (na)    Not applicable
HA64                   NA - Consent for additional tests                411    1    N    I    1    0   No   No
                               1  Granted
                               2  Parent/Other responsible refused
                               3  Respondent refused
                           (m) 9  Missing
                          (na)    Not applicable
HA65                   NA - Result of woman individual interview        412    1    N    I    1    0   No   No
                               1  Completed
                               2  Not at home
                               3  Postponed
                               4  Refused
                               5  Partly completed
                               6  Incapacitated
                               7  Other
                          (na)    Not applicable
HA66                   NA - Woman's highest educational level           413    1    N    I    1    0   No   No
                               0  No education
                               1  Primary
                               2  Secondary
                               3  Higher
                           (m) 9  Missing
HA67                   NA - Woman's highest year of education           414    2    N    I    1    0   No   No
                           (m) 99  Missing
                          (na)     NotAppl
HA68                   NA - Highest educational level (CS for prelimin  416    1    N    I    1    0   No   No
                               0  Labels to be populated according to country
                           (m) 9  Missing
                          (na)    Not applicable
HA69                   NA - HIV weight (6 decimals)                     417    8    N    I    1    0   No   No
HC0                    Index to household schedule                      425    2    N    I    1    0   No   No
                               1:90  
HC1                    Age in months                                    427    2    N    I    1    0   No   No
HC2                    NA - Weight in kilograms (1 dec.)                429    4    N    I    1    0   No   No
                           (m) 9999  Missing
                          (na)       NotAppl
HC3                    NA - Height in centimeters (1 dec.)              433    4    N    I    1    0   No   No
                           (m) 9999  Missing
                          (na)       NotAppl
HC4                    NA - Ht/A Percentile                             437    4    N    I    1    0   No   No
                               9998  Flagged cases
                           (m) 9999  Missing
                          (na)       NotAppl
HC5                    NA - Ht/A Standard deviations                    441    4    N    I    1    0   No   No
                               9998  Flagged cases
                           (m) 9999  Missing
                          (na)       NotAppl
HC6                    NA - Ht/A Percent of ref. median                 445    5    N    I    1    0   No   No
                               99998  Flagged cases
                           (m) 99999  Missing
                          (na)        NotAppl
HC7                    NA - Wt/A Percentile                             450    4    N    I    1    0   No   No
                               9998  Flagged cases
                           (m) 9999  Missing
                          (na)       NotAppl
HC8                    NA - Wt/A Standard deviations                    454    4    N    I    1    0   No   No
                               9998  Flagged cases
                           (m) 9999  Missing
                          (na)       NotAppl
HC9                    NA - Wt/A Percent of ref. median                 458    5    N    I    1    0   No   No
                               99998  Flagged cases
                           (m) 99999  Missing
                          (na)        NotAppl
HC10                   NA - Wt/Ht Percentile                            463    4    N    I    1    0   No   No
                               9998  Flagged cases
                           (m) 9999  Missing
                          (na)       NotAppl
HC11                   NA - Wt/Ht Standard deviations                   467    4    N    I    1    0   No   No
                               9998  Flagged cases
                           (m) 9999  Missing
                          (na)       NotAppl
HC12                   NA - Wt/Ht Percent of ref. median                471    5    N    I    1    0   No   No
                               99998  Flagged cases
                           (m) 99999  Missing
                          (na)        NotAppl
HC13                   NA - Result of measurement                       476    1    N    I    1    0   No   No
                               0  Measured
                               3  Not present
                               4  Refused
                               6  Other
                           (m) 9  Missing
HC15                   NA - Height: lying or standing                   477    1    N    I    1    0   No   No
                               1  Lying
                               2  Standing
                           (m) 9  Missing
                          (na)    NotAppl
HC16                   Day of birth of child                            478    2    N    I    1    0   No   No
                               1:31  
                               98    Don't know
                               97    Inconsistent
                           (m) 99    Missing
HC17                   Date measured (day)                              480    2    N    I    1    0   No   No
                               1:31  
                          (na)       NotAppl
HC18                   Date measured (month)                            482    2    N    I    1    0   No   No
                               1:12  
                          (na)       NotAppl
HC19                   Date measured (year)                             484    4    N    I    1    0   No   No
                               2000:2010  
                          (na)            NotAppl
HC27                   Sex                                              488    1    N    I    1    0   No   No
                               1  Male
                               2  Female
                           (m) 9  Missing
HC30                   Month of birth of child                          489    2    N    I    1    0   No   No
                               1:12  
                               97    Inconsistent
                               98    DK
                           (m) 99    Missing
                          (na)       NotAppl
HC31                   Year of birth of child                           491    4    N    I    1    0   No   No
                               2000:2010  
                               9997       Inconsistent
                               9998       DK
                           (m) 9999       Missing
                          (na)            NotAppl
HC32                   Date of birth (cmc)                              495    4    N    I    1    0   No   No
HC33                   Completeness of information                      499    1    N    I    1    0   No   No
                               1  Month and year
                               2  Month and age
                               3  Year and age
                               4  Year
                               5  
                               6  Age
                               7  Month
                               8  None
                          (na)    NotAppl
HC51                   Line no. of parent/caretaker                     500    2    N    I    1    0   No   No
                               0     Not in household
                               1:50  
                           (m) 99    Missing
                          (na)       NotAppl
HC52                   Read consent statement                           502    1    N    I    1    0   No   No
                               1  Granted
                               2  Refused
                           (m) 9  Missing
                          (na)    NotAppl
HC53                   Hemoglobin level (g/dl - 1 decimal)              503    3    N    I    1    0   No   No
                           (m) 999  Missing
                          (na)      NotAppl
HC55                   Result of measuring (Hemoglobin)                 506    1    N    I    1    0   No   No
                               0    Measured
                               1:2  
                               3    Not present
                               4    Refused
                               5    
                               6    Other
                           (m) 9    Missing
                          (na)      NotAppl
HC56                   Hemoglobin level adjusted by altitude (g/dl - 1  507    3    N    I    1    0   No   No
                           (m) 999  Missing
                          (na)      NotAppl
HC57                   Anemia level                                     510    1    N    I    1    0   No   No
                               1  Severe
                               2  Moderate
                               3  Mild
                               4  Not anemic
                           (m) 9  Missing
                          (na)    NotAppl
HC58                   NA - Agrees to referral                          511    1    N    I    1    0   No   No
                               0  No
                               1  Yes
                           (m) 9  Missing
HC60                   Mother's line number from woman's questionnaire  512    3    N    I    1    0   No   No
                               1:50  
                               993   Mother not de facto
                               994   Incomplete woman's interview
                               995   Not in household
                          (na)       NotAppl
HC61                   Mother's highest educational level               515    1    N    I    1    0   No   No
                               0  No education
                               1  Primary
                               2  Secondary
                               3  Higher
                           (m) 9  Missing
HC62                   Mother's highest year of education               516    2    N    I    1    0   No   No
                           (m) 99  Missing
                          (na)     NotAppl
HC63                   Preceding birth interval                         518    3    N    I    1    0   No   No
                           (m) 999  Missing
                          (na)      NotAppl
HC64                   Birth order number                               521    2    N    I    1    0   No   No
                               1:20  
                           (m) 99    Missing
HC68                   NA - Highest educational level (CS for prelimin  523    1    N    I    1    0   No   No
                               0  Labels to be populated according to country
                           (m) 9  Missing
                          (na)    Not applicable
HC70                   NA - Ht/A Standard deviations (according to WHO  524    4    N    I    1    0   No   No
                               9996  Height out of plausible limits
                               9997  Age in days out of plausible limits
                               9998  Flagged cases
                           (m) 9999  Missing
                          (na)       NotAppl
HC71                   NA - Wt/A Standard deviations (according to WHO  528    4    N    I    1    0   No   No
                               9996  Height out of plausible limits
                               9997  Age in days out of plausible limits
                               9998  Flagged cases
                           (m) 9999  Missing
                          (na)       NotAppl
HC72                   NA - Wt/Ht Standard deviations (according to WH  532    4    N    I    1    0   No   No
                               9996  Height out of plausible limits
                               9997  Age in days out of plausible limits
                               9998  Flagged cases
                           (m) 9999  Missing
                          (na)       NotAppl
HC73                   NA - BMI Standard deviations (according to WHO)  536    4    N    I    1    0   No   No
                               9996  Height out of plausible limits
                               9997  Age in days out of plausible limits
                               9998  Flagged cases
                           (m) 9999  Missing
                          (na)       NotAppl
HMLIDX                 Net number                                       540    2    N    I    1    0   No   No
HML3                   Net observed                                     542    1    N    I    1    0   No   No
                               0  Not seen
                               1  Yes, seen
                           (m) 9  Missing
                          (na)    NotAppl
HML4                   Months ago obtained mosquito net                 543    2    N    I    1    0   No   No
                               0:36  
                               96    More than 3 years ago
                               98    Don't know
                           (m) 99    Missing
                          (na)       NotAppl
HML5                   Was net treated with insecticide when bought     545    1    N    I    1    0   No   No
                               0  No
                               1  Yes
                               8  Not sure
                           (m) 9  Missing
                          (na)    NotAppl
HML6                   Mosquito net treated with insecticide            546    1    N    I    1    0   No   No
                               0  Not pretreated
                               1  Pretreated, permanent tx
                               2  Pretreated, requiring future tx
                               3  Not pretreated, came with kit and treated at home
                               4  Pretreated, treatment type not known
                               6  Other
                               8  Don't know
                           (m) 9  Missing
                          (na)    NotAppl
HML7                   Brand of bednet                                  547    2    N    I    1    0   No   No
                               11  OLYSET
                               12  Permanet
                               16  Other/ DK brand but ITN
                               96  Other
                               98  Don't know brand
                           (m) 99  Missing
                          (na)     NotAppl
HML8                   Bednet treated since receiving                   549    1    N    I    1    0   No   No
                               0  No
                               1  Yes
                               2  Permanent net
                               8  Not sure
                           (m) 9  Missing
                          (na)    NotAppl
HML9                   Months ago re-treated                            550    2    N    I    1    0   No   No
                               0:36  
                               96    More than 3 years ago
                               98    Don't know
                           (m) 99    Missing
                          (na)       NotAppl
HML10                  ITN net                                          552    1    N    I    1    0   No   No
                               0  No, don't know
                               1  Yes
                           (m) 9  Missing
                          (na)    NotAppl
HML11                  Number of persons who slept under this net       553    1    N    I    1    0   No   No
                               0:4  
                               5    5+
                           (m) 9    Missing
                          (na)      NotAppl
HML21                  Did someone sleep under bednet last night        554    1    N    I    1    0   No   No
                               0  No
                               1  Yes
                               8  DK
                           (m) 9  Missing
                          (na)    Not applicable
HMLA                   Person who slept in mosquito net                 555    2    N    I    1    0   No   No
                               0     No one
                               1:50  
                           (m) 99    Missing
                          (na)       NotAppl
HMLB                   Person who slept in mosquito net                 557    2    N    I    1    0   No   No
                               1:50  
                           (m) 99    Missing
                          (na)       NotAppl
HMLC                   Person who slept in mosquito net                 559    2    N    I    1    0   No   No
                               1:50  
                           (m) 99    Missing
                          (na)       NotAppl
HMLD                   NA - Person who slept in mosquito net            561    2    N    I    1    0   No   No
                               1:50  
                          (na)       NotAppl
HMLE                   NA - Person who slept in mosquito net            563    2    N    I    1    0   No   No
                               1:50  
                          (na)       NotAppl
SH113                  Shown Net                                        565    1    N    I    1    0   No   No
                               0  Not observed
                               1  Observed, but has holes
                               2  Observed, but does NOT have holes
                           (m) 9  Missing
                          (na)    Not applicable
SH115                  Bought or given free                             566    1    N    I    1    0   No   No
                               1  Bought
                               2  Free
                               8  Don't know
                           (m) 9  Missing
                          (na)    Not applicable
SH116                  Cost of net (in Liberian dollars)                567    3    N    I    1    0   No   No
                               0      
                               1:995  
                               998    Don't know
                           (m) 999    Missing
                          (na)        Not applicable
HMHIDX                 Index to household schedule                      570    2    N    I    1    0   No   No
                               1:90  
HML12                  Type of bednet(s) person slept under last night  572    1    N    I    1    0   No   No
                               0  No bednet
                               1  Only treated bednets
                               2  Both treated and untreated bednets
                               3  Only untreated bednets
                           (m) 9  Missing
                          (na)    NotAppl
HML13                  1st net number for net person slept under last   573    1    N    I    1    0   No   No
                               0    Did not sleep under net
                               1:7  
                          (na)      NotAppl
HML14                  2nd net number for net person slept under last   574    1    N    I    1    0   No   No
                               1:6  
                          (na)      NotAppl
HML15                  3rd net number for net person slept under last   575    1    N    I    1    0   No   No
                               1:6  
                          (na)      NotAppl
HML16                  Corrected age from individual questionnaire      576    2    N    I    1    0   No   No
                               0:96  
                               97    97+
                               98    DK
                           (m) 99    Missing
HML17                  Flag for AH07 age from individual file           578    1    N    I    1    0   No   No
                               0  No data from individual questionnaire
                               1  Month and year
                               2  Month and age -y imp
                               3  Year and age - m imp
                               4  Y & age - y ignored
                               5  Year - a, m imp
                               6  Age - y, m imp
                               7  Month - a, y imp
                               8  None - all imp
                          (na)    NotAppl
HML18                  Pregnancy from individual questionnaire          579    1    N    I    1    0   No   No
                               0  Not pregnant, don't know
                               1  Pregnant
                           (m) 9  Missing
                          (na)    NotAppl
HML19                  Person sleep under an ever treated bednet        580    1    N    I    1    0   No   No
                               0  No
                               1  Yes
HMLDX                  Index to household schedule                      581    2    N    I    1    0   No   No
                               1:90  
HML30                  Line no. of parent/caretaker                     583    2    N    I    1    0   No   No
                               0     Not in household
                               1:50  
                           (m) 99    Missing
                          (na)       NotAppl
HML31                  Read consent statement                           585    1    N    I    1    0   No   No
                               1  Granted
                               2  Refused
                           (m) 9  Missing
                          (na)    NotAppl
HML32                  Final result of malaria from blood smear test    586    1    N    I    1    0   No   No
                               0  Negative
                               1  Positive
                           (m) 9  Missing
                          (na)    NotAppl
HML33                  Result of malaria measurement                    587    1    N    I    1    0   No   No
                               0  Measured
                               3  Not present
                               4  Refused
                               6  Other
                           (m) 9  Missing
                          (na)    NotAppl
HML34                  Bar code for blood smear sample                  588    5   AN    I    1    0   No   No
HML35                  Result of malaria paracheck test (rapid test)    593    1    N    I    1    0   No   No
                               0  Negative
                               1  Positive
                           (m) 9  Missing
                          (na)    NotAppl
HML51                  First reading or Malaria blood smear test        594    1    N    I    1    0   No   No
                               0  Negative
                               1  Positive
                           (m) 9  Missing
HML52                  Second reading or Malaria blood smear test       595    1    N    I    1    0   No   No
                               0  Negative
                               1  Positive
                           (m) 9  Missing
HML53                  Third reading or Malaria blood smear test (disc  596    1    N    I    1    0   No   No
                               0  Negative
                               1  Positive
                           (m) 9  Missing
HML55                  External quality control samples result          597    1    N    I    1    0   No   No
                               0  Negative
                               1  Positive
                           (m) 9  Missing
--------------------------------------------------------------------------------------------------------------
Relation Name         Primary               Linked by             Secondary             Linked by
--------------------------------------------------------------------------------------------------------------
