                                                   LBHR61FL
                                                LBHR61FL_DICT

                                        C:\COUNTRIES\LB61\LBHR61FL.DCF
                                    Last Modified:  6/19/2012  2:05:42 PM

--------------------------------------------------------------------------------------------------------------
Level Name                    Level Label                                                  Type            Rec
  Record Name                   Record Label                                              Value  Req  Max  Len
--------------------------------------------------------------------------------------------------------------
HOUSEHOLD                     HOUSEHOLD
  RECORD1                       RECORD1                                                          Yes    1 4095
Level: HOUSEHOLD                                       Record: RECORD1
--------------------------------------------------------------------------------------------------------------
                                                                                 Data Item            Dec Zero
Item Name              Item Label                                     Start  Len Type Type  Occ  Dec Char Fill
--------------------------------------------------------------------------------------------------------------
                         (record type)                                    0    0   AN    I    1    0   No   No
HHID              (id) Case Identification                                1   12   AN    I    1    0   No   No
HV000                  Country code and phase                            13    3   AN    I    1    0   No   No
HV001                  Cluster number                                    16    8    N    I    1    0   No   No
HV002                  Household number                                  24    4    N    I    1    0   No   No
HV003                  Respondent's line number (answering Household q   28    3    N    I    1    0   No   No
                               0      Incomplete household
                               1:999  
HV004                  Ultimate area unit                                31    4    N    I    1    0   No   No
HV005                  Household sample weight (6 decimals)              35    8    N    I    1    0   No   No
HV006                  Month of interview                                43    2    N    I    1    0   No   No
                               1:12  
HV007                  Year of interview                                 45    4    N    I    1    0   No   No
                               2010:2015  
HV008                  Date of interview (CMC)                           49    4    N    I    1    0   No   No
HV009                  Number of household members                       53    2    N    I    1    0   No   No
                               0:90  
HV010                  Number of eligible women in household             55    2    N    I    1    0   No   No
                               0:20  
HV011                  NA - Number of eligible men in household          57    2    N    I    1    0   No   No
                               0:20  
HV012                  Number of de jure members                         59    2    N    I    1    0   No   No
                               0:90  
HV013                  Number of de facto members                        61    2    N    I    1    0   No   No
                               0:90  
HV014                  Number of children 5 and under (de jure)          63    2    N    I    1    0   No   No
                               0:20  
HV015                  Result of household interview                     65    1    N    I    1    0   No   No
                               1  Completed
                               2  No Household member/no competent member at home
                               3  Entire Household absent for extended period of time
                               4  Postponed
                               5  Refused
                               6  Dwelling vacant or address not a dwelling
                               7  Dwelling destroyed
                               8  Dwelling not found
                               9  Other
HV016                  Day of interview                                  66    2    N    I    1    0   No   No
                               1:31  
HV017                  Number of visits                                  68    1    N    I    1    0   No   No
                               1:8  
                           (m) 9    Missing
HV018                  Interviewer identification                        69    3    N    I    1    0   No   No
                               1:400  
                           (m) 999    Missing
HV019                  Keyer identification                              72    2    N    I    1    0   No   No
HV020                  Ever-married sample                               74    1    N    I    1    0   No   No
                               0  All woman sample
                               1  Ever married sample
HV021                  Primary sampling unit                             75    4    N    I    1    0   No   No
HV022                  Sample strata for sampling errors                 79    4    N    I    1    0   No   No
HV023                  Stratification used in sample design              83    2    N    I    1    0   No   No
                               1  Monrovia
                               2  North Western
                               3  South Central
                               4  South Eastern A
                               5  South Eastern B
                               6  North Central
HV024                  Region                                            85    2    N    I    1    0   No   No
                               1  Monrovia
                               2  North Western
                               3  South Central
                               4  South Eastern A
                               5  South Eastern B
                               6  North Central
HV025                  Type of place of residence                        87    1    N    I    1    0   No   No
                               1  Urban
                               2  Rural
HV026                  Place of residence                                88    1    N    I    1    0   No   No
                               1  Monrovia
                               2  Other Urban
                               3  Village
                          (na)    Not applicable
HV027                  NA - Household selected for male interview        89    1    N    I    1    0   No   No
                               0  Not selected
                               1  Men's survey
                               2  Husband's survey
HV028                  NA - Household weight for male subsample (6 dec   90    8    N    I    1    0   No   No
HV030                  Field supervisor                                  98    3    N    I    1    0   No   No
                               1:400  
                           (m) 999    Missing
HV031                  NA - Field editor                                101    3    N    I    1    0   No   No
HV032                  Office editor                                    104    2    N    I    1    0   No   No
HV035                  Number of eligible children for height and weig  106    2    N    I    1    0   No   No
                               0:20  
HV040                  Cluster altitude in meters                       108    4    N    I    1    0   No   No
HV041                  NA - Total adults measured                       112    2    N    I    1    0   No   No
                               0:15  
HV042                  Household selected for hemoglobin                114    1    N    I    1    0   No   No
                               0  Not selected
                               1  Selected
HV044                  NA - Household selected for Domestic Violence m  115    1    N    I    1    0   No   No
                               0  Household not selected
                               1  Household selected
                          (na)    Not applicable
HV201                  Source of drinking water                         116    2    N    I    1    0   No   No
                               10  PIPED WATER
                               11  Piped into dwelling
                               12  Piped to yard/plot
                               13  Public tap/standpipe
                               20  TUBE WELL WATER
                               21  Tube well or borehole
                               30  DUG WELL (OPEN/PROTECTED)
                               31  Protected well, hand pump
                               32  Unprotected well
                               40  SURFACE WATER
                               41  Protected spring
                               42  Unprotected spring
                               43  River/dam/lake/ponds/stream/canal/irrigation channel
                               51  Rainwater
                               61  Tanker truck
                               62  Cart with small tank
                               71  Bottled water
                               96  Other
                           (m) 99  Missing
HV202                  NA - Source of non-drinking water                118    2    N    I    1    0   No   No
                               10  PIPED WATER
                               11  Piped into dwelling
                               12  Piped to yard/plot
                               13  Public tap/standpipe
                               20  TUBE WELL WATER
                               21  Tube well or borehole
                               30  DUG WELL (OPEN/PROTECTED)
                               31  Protected well
                               32  Unprotected well
                               40  SURFACE WATER
                               41  Protected spring
                               42  Unprotected spring
                               43  River/dam/lake/ponds/stream/canal/irrigation channel
                               51  Rainwater
                               61  Tanker truck
                               62  Cart with small tank
                               71  Bottled water
                               96  Other
                           (m) 99  Missing
                          (na)     Not applicable
HV204                  Time to get to water source (minutes)            120    3    N    I    1    0   No   No
                               0      
                               1:500  
                               996    On premises
                               998    Don't know
                           (m) 999    Missing
                          (na)        Not applicable
HV205                  Type of toilet facility                          123    2    N    I    1    0   No   No
                               10  FLUSH TOILET
                               11  Flush to piped sewer system
                               12  Flush to septic tank
                               13  Flush to pit latrine
                               14  Flush to somewhere else
                               15  Flush, don't know where
                               20  PIT TOILET LATRINE
                               21  Ventilated Improved Pit latrine (VIP)
                               22  Pit latrine with slab
                               23  Pit latrine without slab/open pit
                               30  NO FACILITY
                               31  No facility/bush/field
                               41  Composting toilet
                               42  Bucket toilet
                               43  Hanging toilet/latrine
                               96  Other
                           (m) 99  Missing
HV206                  Has electricity                                  125    1    N    I    1    0   No   No
                               0  No
                               1  Yes
                           (m) 9  Missing
HV207                  Has radio                                        126    1    N    I    1    0   No   No
                               0  No
                               1  Yes
                           (m) 9  Missing
HV208                  Has television                                   127    1    N    I    1    0   No   No
                               0  No
                               1  Yes
                           (m) 9  Missing
HV209                  Has refrigerator                                 128    1    N    I    1    0   No   No
                               0  No
                               1  Yes
                           (m) 9  Missing
HV210                  Has bicycle                                      129    1    N    I    1    0   No   No
                               0  No
                               1  Yes
                           (m) 9  Missing
HV211                  Has motorcycle/scooter                           130    1    N    I    1    0   No   No
                               0  No
                               1  Yes
                           (m) 9  Missing
HV212                  Has car/truck                                    131    1    N    I    1    0   No   No
                               0  No
                               1  Yes
                           (m) 9  Missing
HV213                  Main floor material                              132    2    N    I    1    0   No   No
                               10  NATURAL
                               11  Earth, sand, mud
                               20  RUDIMENTARY
                               21  Wood planks
                               30  FINISHED
                               31  Parquet, polished wood
                               32  Floor mat, linoleum, vinyl
                               33  Ceramic tiles
                               34  Concrete, cement
                               35  Carpet
                               96  Other
                           (m) 99  Missing
                          (na)     NotAppl
HV214                  Main wall material                               134    2    N    I    1    0   No   No
                               10  NATURAL
                               11  Mud and sticks
                               12  Cane / palm / trunks
                               13  Straw, thatched mats
                               20  RUDIMENTARY
                               21  Mud bricks
                               22  Plywood
                               23  Cardboard, plastic
                               24  Reused wood
                               30  FINISHED
                               31  Cement
                               32  Stone blocks
                               33  Bricks
                               34  Wood planks / shingles
                               35  Zinc
                               96  Other
                           (m) 99  Missing
HV215                  Main roof material                               136    2    N    I    1    0   No   No
                               10  NATURAL
                               11  Thatch /palm leaf
                               20  RUDIMENTARY
                               21  Rustic mat
                               22  Palm / bamboo
                               23  Wood planks
                               24  Tarpaulin, plastic
                               30  FINISHED
                               31  Zinc, metal
                               32  Wood
                               34  Ceramic tiles
                               35  Concrete, cement
                               36  Asbestos sheets, shingles
                               96  Other
                           (m) 99  Missing
HV216                  Number of rooms used for sleeping                138    2    N    I    1    0   No   No
                               0:24  
                           (m) 99    Missing
HV217                  Relationship structure                           140    1    N    I    1    0   No   No
                               0  No adults
                               1  One adult
                               2  Two adults, opposite sex
                               3  Two adults, same sex
                               4  Three+ related adults
                               5  Unrelated adults
HV218                  Line number of head of household                 141    2    N    I    1    0   No   No
                               1:90  
HV219                  Sex of head of household                         143    1    N    I    1    0   No   No
                               1  Male
                               2  Female
                           (m) 9  Missing
HV220                  Age of head of household                         144    2    N    I    1    0   No   No
                               0:96  
                               97    97+
                               98    Don't know
                           (m) 99    Missing
HV221                  NA - Has telephone (land-line)                   146    1    N    I    1    0   No   No
                               0  No
                               1  Yes
                           (m) 9  Missing
HV225                  Share toilet with other households               147    1    N    I    1    0   No   No
                               0  No
                               1  Yes
                           (m) 9  Missing
HV226                  Type of cooking fuel                             148    2    N    I    1    0   No   No
                               1   Electricity
                               2   LPG
                               3   Natural gas
                               4   Biogas
                               5   Kerosene
                               6   Coal, lignite
                               7   Charcoal
                               8   Wood
                               9   Straw/shrubs/grass
                               10  Agricultural crop
                               11  Animal dung
                               95  No food cooked in house
                               96  Other
                           (m) 99  Missing
HV227                  Has mosquito bed net for sleeping                150    1    N    I    1    0   No   No
                               0  No
                               1  Yes
                           (m) 9  Missing
HV228                  Children under 5 slept under mosquito bed net l  151    1    N    I    1    0   No   No
                               0  No
                               1  All children
                               2  Some children
                               3  No net in household
                           (m) 9  Missing
                          (na)    Not applicable
HV230A                 NA - Place where household members wash their h  152    1    N    I    1    0   No   No
                               1  Observed
                               2  Not observed: not in dwelling
                               3  Not observed: no permission to see
                               4  Not observed: other reason
                           (m) 9  Missing
HV230B                 NA - Presence of water at hand washing place     153    1    N    I    1    0   No   No
                               0  Water not available
                               1  Water is available
                           (m) 9  Missing
HV232                  NA - Items present: Soap or detergent            154    1    N    I    1    0   No   No
                               0  No
                               1  Yes
                           (m) 9  Missing
                          (na)    NotAppl
HV232B                 NA - Items present: Ash, mud, sand               155    1    N    I    1    0   No   No
                               0  No
                               1  Yes
                           (m) 9  Missing
                          (na)    NotAppl
HV232C                 NA - Items present: CS                           156    1    N    I    1    0   No   No
                               0  No
                               1  Yes
                           (m) 9  Missing
                          (na)    NotAppl
HV232D                 NA - Items present: CS                           157    1    N    I    1    0   No   No
                               0  No
                               1  Yes
                           (m) 9  Missing
                          (na)    NotAppl
HV232E                 NA - Items present: CS                           158    1    N    I    1    0   No   No
                               0  No
                               1  Yes
                           (m) 9  Missing
                          (na)    NotAppl
HV232Y                 NA - Items present: None                         159    1    N    I    1    0   No   No
                               0  No
                               1  Yes: no cleansing agent observed
                           (m) 9  Missing
                          (na)    NotAppl
HV234                  NA - Result of salt test for iodine (PPM)        160    3    N    I    1    0   No   No
                               0    0 PPM (no iodine)
                               7    Below 15 PPM
                               15   15 PPM and above
                               30   30 PPM
                               994  Salt not tested
                               995  No salt in household
                           (m) 999  Missing
HV234A                 NA - Result of salt test for iodine              163    1    N    I    1    0   No   No
                               0  No iodine
                               1  Iodine present
                               3  No salt in household
                               6  Salt not tested
                           (m) 9  Missing
                          (na)    Not applicable
HV235                  Location of source for water                     164    1    N    I    1    0   No   No
                               1  In own dwelling
                               2  In own yard/plot
                               3  Elsewhere
                           (m) 9  Missing
                          (na)    Not applicable
HV236                  NA - Person fetching water                       165    1    N    I    1    0   No   No
                               1  Adult woman
                               2  Adult man
                               3  Female child under 15 years old
                               4  Male child under 15 years old
                               6  Other
                           (m) 9  Missing
                          (na)    Not applicable
HV237                  NA - Anything done to water to make safe to dri  166    1    N    I    1    0   No   No
                               0  No
                               1  Yes
                               8  Don't know
                           (m) 9  Missing
                          (na)    Not applicable
HV237A                 NA - Water usually treated by: boil              167    1    N    I    1    0   No   No
                               0  No
                               1  Yes
                               8  Don't know
                           (m) 9  Missing
                          (na)    Not applicable
HV237B                 NA - Water usually treated by: add bleach/chlor  168    1    N    I    1    0   No   No
                               0  No
                               1  Yes
                               8  Don't know
                           (m) 9  Missing
                          (na)    Not applicable
HV237C                 NA - Water usually treated by: strain through a  169    1    N    I    1    0   No   No
                               0  No
                               1  Yes
                               8  Don't know
                           (m) 9  Missing
                          (na)    Not applicable
HV237D                 NA - Water usually treated by: use water filter  170    1    N    I    1    0   No   No
                               0  No
                               1  Yes
                               8  Don't know
                           (m) 9  Missing
                          (na)    Not applicable
HV237E                 NA - Water usually treated by: solar disinfecti  171    1    N    I    1    0   No   No
                               0  No
                               1  Yes
                               8  Don't know
                           (m) 9  Missing
                          (na)    Not applicable
HV237F                 NA - Water usually treated by: let it stand and  172    1    N    I    1    0   No   No
                               0  No
                               1  Yes
                               8  Don't know
                           (m) 9  Missing
                          (na)    Not applicable
HV237G                 NA - Water usually treated by: CS                173    1    N    I    1    0   No   No
                               0  No
                               1  Yes
                               8  Don't know
                           (m) 9  Missing
                          (na)    Not applicable
HV237H                 NA - Water usually treated by: CS                174    1    N    I    1    0   No   No
                               0  No
                               1  Yes
                               8  Don't know
                           (m) 9  Missing
                          (na)    Not applicable
HV237I                 NA - Water usually treated by: CS                175    1    N    I    1    0   No   No
                               0  No
                               1  Yes
                               8  Don't know
                           (m) 9  Missing
                          (na)    Not applicable
HV237J                 NA - Water usually treated by: CS                176    1    N    I    1    0   No   No
                               0  No
                               1  Yes
                               8  Don't know
                           (m) 9  Missing
                          (na)    Not applicable
HV237K                 NA - Water usually treated by: CS                177    1    N    I    1    0   No   No
                               0  No
                               1  Yes
                               8  Don't know
                           (m) 9  Missing
                          (na)    Not applicable
HV237X                 NA - Water usually treated by: other             178    1    N    I    1    0   No   No
                               0  No
                               1  Yes
                               8  Don't know
                           (m) 9  Missing
                          (na)    Not applicable
HV237Z                 NA - Water usually treated by: don't know        179    1    N    I    1    0   No   No
                               0  No
                               1  Yes: don't know what is done to water
                               8  Don't know
                           (m) 9  Missing
                          (na)    Not applicable
HV238                  Number of households sharing toilet              180    2    N    I    1    0   No   No
                               2:9  
                               95   10 or more households
                               98   Don't know
                           (m) 99   Missing
                          (na)      Not applicable
HV239                  NA - Food cooked on stove or open fire           182    1    N    I    1    0   No   No
                               1  Open fire
                               2  Open stove
                               3  Closed stove with chimney
                               6  Other
                           (m) 9  Missing
                          (na)    Not applicable
HV240                  NA - Household has a chimney, hood or neither    183    1    N    I    1    0   No   No
                               0  Neither chimney or hood
                               1  Chimney
                               2  Hood
                           (m) 9  Missing
                          (na)    Not applicable
HV241                  NA - Food cooked in the house/ separate buildin  184    1    N    I    1    0   No   No
                               1  In the house
                               2  In a separate building
                               3  Outdoors
                               6  Other
                           (m) 9  Missing
                          (na)    Not applicable
HV242                  NA - Household has separate room used as kitche  185    1    N    I    1    0   No   No
                               0  No
                               1  Yes
                           (m) 9  Missing
                          (na)    Not applicable
HV243A                 Has mobile telephone                             186    1    N    I    1    0   No   No
                               0  No
                               1  Yes
                           (m) 9  Missing
HV243B                 Has watch                                        187    1    N    I    1    0   No   No
                               0  No
                               1  Yes
                           (m) 9  Missing
HV243C                 NA - Has animal-drawn cart                       188    1    N    I    1    0   No   No
                               0  No
                               1  Yes
                           (m) 9  Missing
HV243D                 NA - Has boat with a motor                       189    1    N    I    1    0   No   No
                               0  No
                               1  Yes
                           (m) 9  Missing
HV244                  Owns land usable for agriculture                 190    1    N    I    1    0   No   No
                               0  No
                               1  Yes
                           (m) 9  Missing
HV245                  NA - Hectares of agricultural land (1 decimal)   191    3    N    I    1    0   No   No
                               0:949  
                               950    95 or more
                               998    Unknown
                           (m) 999    Missing
                          (na)        Not applicable
HV246                  Owns livestock, herds or farm animals            194    1    N    I    1    0   No   No
                               0  No
                               1  Yes
                           (m) 9  Missing
HV246A                 NA - Owns cattle                                 195    2    N    I    1    0   No   No
                               0     None
                               1:94  
                               95    95 or more
                               98    Unknown
                           (m) 99    Missing
                          (na)       Not applicable
HV246B                 Owns cows/ bulls                                 197    2    N    I    1    0   No   No
                               0     None
                               1:94  
                               95    95 or more
                               98    Unknown
                           (m) 99    Missing
                          (na)       Not applicable
HV246C                 NA - Owns horses/ donkeys/ mules                 199    2    N    I    1    0   No   No
                               0     None
                               1:94  
                               95    95 or more
                               98    Unknown
                           (m) 99    Missing
                          (na)       Not applicable
HV246D                 Owns goats                                       201    2    N    I    1    0   No   No
                               0     None
                               1:94  
                               95    95 or more
                               98    Unknown
                           (m) 99    Missing
                          (na)       Not applicable
HV246E                 Owns sheep                                       203    2    N    I    1    0   No   No
                               0     None
                               1:94  
                               95    95 or more
                               98    Unknown
                           (m) 99    Missing
                          (na)       Not applicable
HV246F                 Owns chickens, ducks, or fowl                    205    2    N    I    1    0   No   No
                               0     None
                               1:94  
                               95    95 or more
                               98    Unknown
                           (m) 99    Missing
                          (na)       Not applicable
HV246G                 Owns pigs                                        207    2    N    I    1    0   No   No
                               0     None
                               1:94  
                               95    95 or more
                               98    Unknown
                           (m) 99    Missing
                          (na)       Not applicable
HV246H                 NA - Owns CS                                     209    2    N    I    1    0   No   No
                               0     None
                               1:94  
                               95    95 or more
                               98    Unknown
                           (m) 99    Missing
                          (na)       Not applicable
HV246I                 NA - Owns CS                                     211    2    N    I    1    0   No   No
                               0     None
                               1:94  
                               95    95 or more
                               98    Unknown
                           (m) 99    Missing
                          (na)       Not applicable
HV246J                 NA - Owns CS                                     213    2    N    I    1    0   No   No
                               0     None
                               1:94  
                               95    95 or more
                               98    Unknown
                           (m) 99    Missing
                          (na)       Not applicable
HV246K                 NA - Owns CS                                     215    2    N    I    1    0   No   No
                               0     None
                               1:94  
                               95    95 or more
                               98    Unknown
                           (m) 99    Missing
                          (na)       Not applicable
HV247                  Has bank account                                 217    1    N    I    1    0   No   No
                               0  No
                               1  Yes
                           (m) 9  Missing
HV252                  NA - Frequency household members smoke inside t  218    1    N    I    1    0   No   No
                               0  Never
                               1  Daily
                               2  Weekly
                               3  Monthly
                               4  Less than monthly
                           (m) 9  Missing
HV253                  Has dwelling been sprayed against mosquitoes in  219    1    N    I    1    0   No   No
                               0  No
                               1  Yes
                               8  Don't know
                           (m) 9  Missing
                          (na)    Not applicable
HV253A                 Dwelling sprayed by: government worker/program   220    1    N    I    1    0   No   No
                               0  No
                               1  Yes
                               8  Don't know
                           (m) 9  Missing
                          (na)    Not applicable
HV253B                 Dwelling sprayed by: private company             221    1    N    I    1    0   No   No
                               0  No
                               1  Yes
                               8  Don't know
                           (m) 9  Missing
                          (na)    Not applicable
HV253C                 Dwelling sprayed by: NGO                         222    1    N    I    1    0   No   No
                               0  No
                               1  Yes
                               8  Don't know
                           (m) 9  Missing
                          (na)    Not applicable
HV253D                 NA - Dwelling sprayed by: CS                     223    1    N    I    1    0   No   No
                               0  No
                               1  Yes
                               8  Don't know
                           (m) 9  Missing
                          (na)    Not applicable
HV253E                 NA - Dwelling sprayed by: CS                     224    1    N    I    1    0   No   No
                               0  No
                               1  Yes
                               8  Don't know
                           (m) 9  Missing
                          (na)    Not applicable
HV253F                 NA - Dwelling sprayed by: CS                     225    1    N    I    1    0   No   No
                               0  No
                               1  Yes
                               8  Don't know
                           (m) 9  Missing
                          (na)    Not applicable
HV253G                 NA - Dwelling sprayed by: CS                     226    1    N    I    1    0   No   No
                               0  No
                               1  Yes
                               8  Don't know
                           (m) 9  Missing
                          (na)    Not applicable
HV253H                 NA - Dwelling sprayed by: CS                     227    1    N    I    1    0   No   No
                               0  No
                               1  Yes
                               8  Don't know
                           (m) 9  Missing
                          (na)    Not applicable
HV253X                 Dwelling sprayed by: other                       228    1    N    I    1    0   No   No
                               0  No
                               1  Yes
                               8  Don't know
                           (m) 9  Missing
                          (na)    Not applicable
HV253Z                 Dwelling sprayed by: don't know                  229    1    N    I    1    0   No   No
                               0  No
                               1  Yes: don't know who sprayed the dwelling
                               8  Don't know if it was sprayed
                           (m) 9  Missing
                          (na)    Not applicable
HV270                  Wealth index                                     230    1    N    I    1    0   No   No
                               1  Poorest
                               2  Poorer
                               3  Middle
                               4  Richer
                               5  Richest
HV271                  Wealth index factor score (5 decimals)           231    8    N    I    1    0   No   No
HML1                   Number of mosquito bed nets                      239    2    N    I    1    0   No   No
                               0:6  
                               7    7+
                               98   Don't know
                           (m) 99   Missing
                          (na)      Not applicable
HML1A                  Number of mosquito bed nets with specific infor  241    1    N    I    1    0   No   No
                               0:7  
                          (na)      Not applicable
HML2                   Number of children under mosquito bed net previ  242    2    N    I    1    0   No   No
                               0:50  
                           (m) 99    Missing
                          (na)       Not applicable
SHCNTY                 County                                           244    2    N    I    1    0   No   No
                               3   Bomi
                               6   Bong
                               9   Grand Bassa
                               12  Grand Cape Mount
                               15  Grand Gedeh
                               18  Grand Kru
                               21  Lofa
                               24  Margibi
                               27  Maryland
                               30  Montserrado
                               33  Nimba
                               36  River Cess
                               39  Sinoe
                               42  River Gee
                               45  Gbarpolu
                          (na)     Not applicable
SHDIST                 District                                         246    2    N    I    1    0   No   No
SHTYPE                 Type of place of residence                       248    1    N    I    1    0   No   No
                               1  Monrovia
                               2  Other Urban
                               3  Village
                          (na)    Not applicable
SH107B                 Has generator                                    249    1    N    I    1    0   No   No
                               0  No
                               1  Yes
                           (m) 9  Missing
SH107F                 Has table                                        250    1    N    I    1    0   No   No
                               0  No
                               1  Yes
                           (m) 9  Missing
SH107G                 Has chairs                                       251    1    N    I    1    0   No   No
                               0  No
                               1  Yes
                           (m) 9  Missing
SH107H                 Has cupboard                                     252    1    N    I    1    0   No   No
                               0  No
                               1  Yes
                           (m) 9  Missing
SH107I                 Has mattress                                     253    1    N    I    1    0   No   No
                               0  No
                               1  Yes
                           (m) 9  Missing
SH107J                 Has sewing machine                               254    1    N    I    1    0   No   No
                               0  No
                               1  Yes
                           (m) 9  Missing
SH107L                 Has computer                                     255    1    N    I    1    0   No   No
                               0  No
                               1  Yes
                           (m) 9  Missing
SH113E                 Has boat or canoe                                256    1    N    I    1    0   No   No
                               0  No
                               1  Yes
                           (m) 9  Missing
SH121A                 Reason for no mosquito nets in household: no mo  257    1    N    I    1    0   No   No
                               0  No
                               1  Yes
                           (m) 9  Missing
                          (na)    Not applicable
SH121B                 Reason for no mosquito nets in household: not a  258    1    N    I    1    0   No   No
                               0  No
                               1  Yes
                           (m) 9  Missing
                          (na)    Not applicable
SH121C                 Reason for no mosquito nets in household: don't  259    1    N    I    1    0   No   No
                               0  No
                               1  Yes
                           (m) 9  Missing
                          (na)    Not applicable
SH121D                 Reason for no mosquito nets in household: too e  260    1    N    I    1    0   No   No
                               0  No
                               1  Yes
                           (m) 9  Missing
                          (na)    Not applicable
SH121E                 Reason for no mosquito nets in househld: absent  261    1    N    I    1    0   No   No
                               0  No
                               1  Yes
                           (m) 9  Missing
                          (na)    Not applicable
SH121F                 Reason for no mosquito nets in household: Net s  262    1    N    I    1    0   No   No
                               0  No
                               1  Yes
                           (m) 9  Missing
                          (na)    Not applicable
SH121X                 Reason for no mosquito nets in household: other  263    1    N    I    1    0   No   No
                               0  No
                               1  Yes
                           (m) 9  Missing
                          (na)    Not applicable
SHCWGHT                Child malaria testing weight (6 decimals)        264    8    N    I    1    0   No   No
HVIDX                  Line number                                      272    2    N    I   27    0   No   No
                               1:90  
HV101                  Relationship to head                             326    2    N    I   27    0   No   No
                               1   Head
                               2   Wife or husband
                               3   Son/daughter
                               4   Son/daughter-in-law
                               5   Grandchild
                               6   Parent
                               7   Parent-in-law
                               8   Brother/sister
                               9   Co-spouse
                               10  Other relative
                               11  Adopted/foster child
                               12  Not related
                               13  Niece/nephew by blood
                               14  Niece/nephew by marriage
                               98  Don't know
                           (m) 99  Missing
HV102                  Usual resident                                   380    1    N    I   27    0   No   No
                               0  No
                               1  Yes
                           (m) 9  Missing
HV103                  Slept last night                                 407    1    N    I   27    0   No   No
                               0  No
                               1  Yes
                           (m) 9  Missing
HV104                  Sex of household member                          434    1    N    I   27    0   No   No
                               1  Male
                               2  Female
                           (m) 9  Missing
HV105                  Age of household members                         461    2    N    I   27    0   No   No
                               0:94  
                               95    95+
                               98    Don't know
                           (m) 99    Missing
HV106                  NA - Highest educational level attained          515    1    N    I   27    0   No   No
                               0  No education, preschool
                               1  Primary
                               2  Secondary
                               3  Higher
                               8  Don't know
                           (m) 9  Missing
HV107                  NA - Highest year of education completed         542    2    N    I   27    0   No   No
                               0:20  
                               98    Don't know
                           (m) 99    Missing
                          (na)       Not applicable
HV108                  NA - Education completed in single years         596    2    N    I   27    0   No   No
                               0:25  
                               97    Inconsistent
                               98    Don't know
                           (m) 99    Missing
HV109                  NA - Educational attainment                      650    1    N    I   27    0   No   No
                               0  No education
                               1  Incomplete primary
                               2  Complete primary
                               3  Incomplete secondary
                               4  Complete secondary
                               5  Higher
                               8  Don't know
                           (m) 9  Missing
HV110                  NA - Member still in school                      677    1    N    I   27    0   No   No
                               0  No
                               1  Yes
                           (m) 9  Missing
HV111                  NA - Mother alive                                704    1    N    I   27    0   No   No
                               0  No
                               1  Yes
                               8  Don't know
                           (m) 9  Missing
                          (na)    Not applicable
HV112                  NA - Mother's line number                        731    2    N    I   27    0   No   No
                               0     Mother not in household
                               1:90  
                           (m) 99    Missing
                          (na)       Not applicable
HV113                  NA - Father alive                                785    1    N    I   27    0   No   No
                               0  No
                               1  Yes
                               8  Don't know
                           (m) 9  Missing
                          (na)    Not applicable
HV114                  NA - Father's line number                        812    2    N    I   27    0   No   No
                               0     Father not in household
                               1:90  
                           (m) 99    Missing
                          (na)       Not applicable
HV115                  NA - Current marital status                      866    1    N    I   27    0   No   No
                               0  Never married
                               1  Married
                               2  Living together
                               3  Widowed
                               4  Divorced
                               5  Not living together
                           (m) 9  Missing
                          (na)    Not applicable
HV116                  NA - Currently, formerly, never married          893    1    N    I   27    0   No   No
                               0  Never married
                               1  Currently married
                               2  Formerly/ever married
                           (m) 9  Missing
                          (na)    Not applicable
HV117                  Eligibility for female interview                 920    1    N    I   27    0   No   No
                               0  Not eligible
                               1  Eligible
                          (na)    Not applicable
HV118                  NA - Eligibility for male interview              947    1    N    I   27    0   No   No
                               0  Not eligible
                               1  Eligible
                          (na)    Not applicable
HV120                  Children eligibility for height/weight and hemo  974    1    N    I   27    0   No   No
                               0  Not eligible
                               1  Eligible
                          (na)    Not applicable
HV121                  NA - Member attended school during current scho 1001    1    N    I   27    0   No   No
                               0  No
                               1  Currently attending
                               2  Attended at some time
                           (m) 9  Missing
                          (na)    Not applicable
HV122                  NA - Educational level during current school ye 1028    1    N    I   27    0   No   No
                               0  No education, preschool
                               1  Primary
                               2  Secondary
                               3  Higher
                               8  Don't know
                           (m) 9  Missing
HV123                  NA - Grade of education during current school y 1055    2    N    I   27    0   No   No
                               0:20  
                               98    Don't know
                           (m) 99    Missing
                          (na)       Not applicable
HV124                  NA - Education in single years - current school 1109    2    N    I   27    0   No   No
                               0:20  
                               97    Inconsistent
                               98    Don't know
                           (m) 99    Missing
HV125                  NA - Member attended school during previous sch 1163    1    N    I   27    0   No   No
                               0  No
                               1  Yes
                           (m) 9  Missing
HV126                  NA - Educational level during previous school y 1190    1    N    I   27    0   No   No
                               0  No education, preschool
                               1  Primary
                               2  Secondary
                               3  Higher
                               8  Don't know
                           (m) 9  Missing
HV127                  NA - Grade of education during previous school  1217    2    N    I   27    0   No   No
                               0:20  
                               98    Don't know
                           (m) 99    Missing
                          (na)       Not applicable
HV128                  NA - Education in single years - previous schoo 1271    2    N    I   27    0   No   No
                               0:20  
                               97    Inconsistent
                               98    Don't know
                           (m) 99    Missing
HV129                  NA - School attendance status                   1325    1    N    I   27    0   No   No
                               0  Never attended
                               1  Entered school
                               2  Advanced
                               3  Repeating
                               4  Dropout
                               5  Left school 2+ years ago
                               8  Don't know
                           (m) 9  Missing
                          (na)    Not applicable
HV140                  NA - Member has a birth certificate             1352    1    N    I   27    0   No   No
                               0  Neither certificate or registered
                               1  Has certificate
                               2  Registered
                               8  Don't know
                           (m) 9  Missing
                          (na)    Not applicable
IDXH4                  Index to Household Schedule                     1379    2    N    I   27    0   No   No
                               1:90  
SH10                   Been sick with fever in last 4 weeks            1433    1    N    I   27    0   No   No
                               0  No
                               1  Yes
                               8  Don't know
                           (m) 9  Missing
SH11                   Received treatment for fever in the last 4 week 1460    1    N    I   27    0   No   No
                               0  No
                               1  Yes
                               8  Don't know
                           (m) 9  Missing
SH12                   Where went for treatment                        1487    2    N    I   27    0   No   No
                               1   Government Hospital
                               2   Government Health Center
                               3   Government Health Clinic
                               4   Private Hospital/Clinic
                               5   Pharmacy
                               6   Private Doctor
                               7   Mobile Clinic
                               8   Medicine Store
                               9   Traditional Practitioner
                               10  Black Bagger/Drug Peddler
                               96  Other
                               98  Don't know
                           (m) 99  Missing
                          (na)     Not applicable
SH13                   How much the treatment cost (in Liberian dollar 1541    4    N    I   27    0   No   No
                               0:9989  
                               9990    9990 or more
                               9998    Don't know
                           (m) 9999    missing
                          (na)         not applicable
HC0                    Index to Household Schedule                     1649    2    N    I    8    0   No   No
                               1:90  
HC1                    Child's age in months                           1665    2    N    I    8    0   No   No
HC2                    NA - Child's weight in kilograms (1 decimal)    1681    4    N    I    8    0   No   No
                               10:9990  
                               9994     Not present
                               9995     Refused
                               9996     Other
                           (m) 9999     Missing
                          (na)          Not applicable
HC3                    NA - Child's height in centimeters (1 decimal)  1713    4    N    I    8    0   No   No
                               100:2000  
                               9994      Not present
                               9995      Refused
                               9996      Other
                           (m) 9999      Missing
                          (na)           Not applicable
HC4                    NA - Height/Age percentile                      1745    4    N    I    8    0   No   No
                               0:9997  
                               9998    Flagged cases
                           (m) 9999    Missing
                          (na)         Not applicable
HC5                    NA - Height/Age standard deviation              1777    4    N    I    8    0   No   No
                               -600:600  
                               9998      Flagged cases
                           (m) 9999      Missing
                          (na)           Not applicable
HC6                    NA - Height/Age percent of ref. median          1809    5    N    I    8    0   No   No
                               7500:15000  
                               99998       Flagged cases
                           (m) 99999       Missing
                          (na)             Not applicable
HC7                    NA - Weight/Age percentile                      1849    4    N    I    8    0   No   No
                               0:9997  
                               9998    Flagged cases
                           (m) 9999    Missing
                          (na)         Not applicable
HC8                    NA - Weight/Age standard deviation              1881    4    N    I    8    0   No   No
                               -600:600  
                               9998      Flagged cases
                           (m) 9999      Missing
                          (na)           Not applicable
HC9                    NA - Weight/Age percent of ref. median          1913    5    N    I    8    0   No   No
                               4000:19000  
                               99998       Flagged cases
                           (m) 99999       Missing
                          (na)             Not applicable
HC10                   NA - Weight/Height percentile                   1953    4    N    I    8    0   No   No
                               0:9997  
                               9998    Flagged cases
                           (m) 9999    Missing
                          (na)         Not applicable
HC11                   NA - Weight/Height standard deviation           1985    4    N    I    8    0   No   No
                               -600:600  
                               9998      Flagged cases
                           (m) 9999      Missing
                          (na)           Not applicable
HC12                   NA - Weight/Height percent of ref. median       2017    5    N    I    8    0   No   No
                               5500:19000  
                               99998       Flagged cases
                           (m) 99999       Missing
                          (na)             Not applicable
HC13                   NA - Result of measurement - height/weight      2057    1    N    I    8    0   No   No
                               0  Measured
                               3  Not present
                               4  Refused
                               6  Other
                           (m) 9  Missing
HC15                   NA - Height: lying or standing                  2065    1    N    I    8    0   No   No
                               0  Not measured
                               1  Lying
                               2  Standing
                           (m) 9  Missing
                          (na)    Not applicable
HC16                   Day of birth                                    2073    2    N    I    8    0   No   No
                               1:31  
                               97    Inconsistent
                               98    Don't know
                           (m) 99    Missing
HC17                   Date measured (day)                             2089    2    N    I    8    0   No   No
                               1:31  
                          (na)       Not applicable
HC18                   Date measured (month)                           2105    2    N    I    8    0   No   No
                               1:12  
                          (na)       Not applicable
HC19                   Date measured (year)                            2121    4    N    I    8    0   No   No
                               2010:2015  
                          (na)            Not applicable
HC27                   Sex                                             2153    1    N    I    8    0   No   No
                               1  Male
                               2  Female
                           (m) 9  Missing
HC30                   Month of birth                                  2161    2    N    I    8    0   No   No
                               1:12  
                               97    Inconsistent
                               98    Don't know
                           (m) 99    Missing
                          (na)       Not applicable
HC31                   Year of birth                                   2177    4    N    I    8    0   No   No
                               2005:2015  
                               9997       Inconsistent
                               9998       Don't know
                           (m) 9999       Missing
                          (na)            Not applicable
HC32                   Date of birth (CMC)                             2209    4    N    I    8    0   No   No
HC33                   Completeness of HC32 information                2241    1    N    I    8    0   No   No
                               1  Month and year - information complete
                               2  Month and age - year imputed
                               3  Year and age - month imputed
                               6  Age - year/month imputed
                               7  Month - age/year imputed
                               8  None - all imputed
                          (na)    Not applicable
HC51                   Line number of parent/caretaker                 2249    2    N    I    8    0   No   No
                               0     Not in household
                               1:50  
                           (m) 99    Missing
                          (na)       Not applicable
HC52                   Read consent statement - hemoglobin             2265    1    N    I    8    0   No   No
                               1  Granted
                               2  Refused
                               5  Not present
                               6  Other
                           (m) 9  Missing
                          (na)    Not applicable
HC53                   Hemoglobin level (g/dl - 1 decimal)             2273    3    N    I    8    0   No   No
                               0:200  
                               994    Not present
                               995    Refused
                               996    Other
                           (m) 999    Missing
                          (na)        Not applicable
HC55                   Result of measurement - hemoglobin              2297    1    N    I    8    0   No   No
                               0  Measured
                               3  Not present
                               4  Refused
                               6  Other
                           (m) 9  Missing
                          (na)    Not applicable
HC56                   Hemoglobin level adjusted for altitude (g/dl -  2305    3    N    I    8    0   No   No
                           (m) 999  Missing
                          (na)      Not applicable
HC57                   Anemia level                                    2329    1    N    I    8    0   No   No
                               1  Severe
                               2  Moderate
                               3  Mild
                               4  Not anemic
                           (m) 9  Missing
                          (na)    Not applicable
HC58                   NA - Agrees to referral - anemia                2337    1    N    I    8    0   No   No
                               0  No
                               1  Yes
                           (m) 9  Missing
HC60                   Mother's line number (woman's questionnaire)    2345    3    N    I    8    0   No   No
                               1:50  
                               993   Mother not de facto
                               994   Incomplete woman's interview
                               995   Not in household
                           (m) 999   Missing
                          (na)       Not applicable
HC61                   Mother's highest educational level              2369    1    N    I    8    0   No   No
                               0  No education
                               1  Primary
                               2  Secondary
                               3  Higher
                           (m) 9  Missing
HC62                   Mother's highest year of education              2377    2    N    I    8    0   No   No
                           (m) 99  Missing
                          (na)     Not applicable
HC63                   Preceding birth interval (months)               2393    3    N    I    8    0   No   No
                           (m) 999  Missing
                          (na)      Not applicable
HC64                   Birth order number                              2417    2    N    I    8    0   No   No
                               1:20  
                           (m) 99    Missing
HC68                   Mother's highest educational level (questionnai 2433    1    N    I    8    0   No   No
                               0  No education
                               1  Primary
                               2  Secondary
                               3  Higher
                           (m) 9  Missing
                          (na)    Not applicable
HC70                   NA - Height/Age standard deviation (new WHO)    2441    4    N    I    8    0   No   No
                               -600:600  
                               9996      Height out of plausible limits
                               9997      Age in days out of plausible limits
                               9998      Flagged cases
                           (m) 9999      Missing
                          (na)           Not applicable
HC71                   NA - Weight/Age standard deviation (new WHO)    2473    4    N    I    8    0   No   No
                               -600:500  
                               9996      Height out of plausible limits
                               9997      Age in days out of plausible limits
                               9998      Flagged cases
                           (m) 9999      Missing
                          (na)           Not applicable
HC72                   NA - Weight/Height standard deviation (new WHO) 2505    4    N    I    8    0   No   No
                               -600:500  
                               9996      Height out of plausible limits
                               9997      Age in days out of plausible limits
                               9998      Flagged cases
                           (m) 9999      Missing
                          (na)           Not applicable
HC73                   NA - BMI standard deviation (new WHO)           2537    4    N    I    8    0   No   No
                               -600:500  
                               9996      Height out of plausible limits
                               9997      Age in days out of plausible limits
                               9998      Flagged cases
                           (m) 9999      Missing
                          (na)           Not applicable
HMLIDX                 Mosquito Bed Net Designation Number             2569    2    N    I    7    0   No   No
HML3                   Net observed by interviewer                     2583    1    N    I    7    0   No   No
                               0  Not seen
                               1  Yes, seen
                           (m) 9  Missing
                          (na)    Not applicable
HML4                   Months ago net obtained                         2590    2    N    I    7    0   No   No
                               0:36  
                               96    More than 3 years ago
                               98    Don't know
                           (m) 99    Missing
                          (na)       Not applicable
HML5                   Net treated with insecticide when bought        2604    1    N    I    7    0   No   No
                               0  No
                               1  Yes
                               8  Don't know
                           (m) 9  Missing
                          (na)    Not applicable
HML6                   Net treatment status                            2611    1    N    I    7    0   No   No
                               0  Not pretreated
                               1  Pretreated, permanent treatment
                               2  Pretreated, requiring future treatment
                               3  Not pretreated, came with kit and treated at home
                               4  Pretreated, treatment type not known
                               6  Other
                               8  Don't know
                           (m) 9  Missing
                          (na)    Not applicable
HML7                   Brand of net                                    2618    2    N    I    7    0   No   No
                               10  Long-lasting insectiside treated nets (LLIN)
                               11  Olyset
                               12  Permanet
                               13  BASF Net
                               16  Other/DK Brand but ITN
                               20  Pretreated net
                               96  Other brand
                               98  DK brand
                           (m) 99  Missing
                          (na)     Not applicable
HML8                   Net treated since receiving                     2632    1    N    I    7    0   No   No
                               0  No
                               1  Yes
                               2  Permanent net
                               8  Not sure
                           (m) 9  Missing
                          (na)    Not applicable
HML9                   Time since last re-treatment (months)           2639    2    N    I    7    0   No   No
                               0:24  
                               95    25+ months ago
                               96    More than 3 years ago
                               98    Don't know
                           (m) 99    Missing
                          (na)       Not applicable
HML10                  Insecticide-Treated Net (ITN)                   2653    1    N    I    7    0   No   No
                               0  No, don't know
                               1  Yes
                           (m) 9  Missing
                          (na)    Not applicable
HML11                  Number of persons who slept under this net      2660    1    N    I    7    0   No   No
                               0:4  
                               5    5+
                           (m) 9    Missing
                          (na)      Not applicable
HML21                  Someone slept under this net last night         2667    1    N    I    7    0   No   No
                               0  No
                               1  Yes
                               8  Don't know
                           (m) 9  Missing
                          (na)    Not applicable
HMLA                   Line number of person who slept in this net     2674    2    N    I    7    0   No   No
                               0     No one
                               1:50  
                           (m) 99    Missing
                          (na)       Not applicable
HMLB                   Line number of person who slept in this net     2688    2    N    I    7    0   No   No
                               1:50  
                           (m) 99    Missing
                          (na)       Not applicable
HMLC                   Line number of person who slept in this net     2702    2    N    I    7    0   No   No
                               1:50  
                           (m) 99    Missing
                          (na)       Not applicable
HMLD                   Line number of person who slept in this net     2716    2    N    I    7    0   No   No
                               1:50  
                          (na)       Not applicable
HMLE                   NA - Line number of person who slept in this ne 2730    2    N    I    7    0   No   No
                               1:50  
                          (na)       Not applicable
SH123                  Shown nets                                      2744    1    N    I    7    0   No   No
                               1  Observed, has holes
                               2  Observed, does not have holes
                               3  Not observed
                           (m) 9  Missing
                          (na)    Not applicable
SH125                  Purchase net or net free                        2751    1    N    I    7    0   No   No
                               1  Free
                               2  Bought
                               8  Don't know
                           (m) 9  missing
                          (na)    not applicable
SH126                  Where received free net                         2758    1    N    I    7    0   No   No
                               1  EPI Campaign
                               2  ANC visit
                               3  UNHCR
                               4  NGO distribution
                               6  Other
                               8  Don't know
                           (m) 9  Missing
                          (na)    Not applicable
SH127                  Amout paid for the net (Liberian dollars)       2765    3    N    I    7    0   No   No
                               0:997  
                               998    don't know
                           (m) 999    missing
                          (na)        Not applicable
SH128                  Where net was bought                            2786    2    N    I    7    0   No   No
                               10  PUBLIC SECTOR
                               11  Govt hospital
                               12  Govt health center
                               13  Govt health post
                               14  Public mobile clinic
                               16  Other public sector
                               20  PRIVATE SECTOR
                               21  Private hospital/clinic
                               22  Pharmacy
                               23  Pvt doctor
                               24  private mobile clinic
                               26  Other private med sector
                               30  OTHER
                               31  Medicine store
                               32  Traditional practitioner
                               33  Market
                               36  Other
                               98  Don't know
                           (m) 99  Missing
                          (na)     Not applicable
HMHIDX                 Index to Household Schedule                     2800    2    N    I   27    0   No   No
                               1:90  
HML12                  Type of Mosquito Bed Net(s) person slept under  2854    1    N    I   27    0   No   No
                               0  Did not sleep under a net
                               1  Only treated (ITN) nets
                               2  Both treated (ITN) and untreated nets
                               3  Only untreated nets
                           (m) 9  Missing
                          (na)    Not applicable
HML13                  Net Designation Number (HMLIDX) for 1st net per 2881    1    N    I   27    0   No   No
                               0    Did not sleep under net
                               1:7  
                          (na)      Not applicable
HML14                  Net Designation Number (HMLIDX) for 2nd net per 2908    1    N    I   27    0   No   No
                               1:6  
                          (na)      Not applicable
HML15                  Net Designation Number (HMLIDX) for 3rd net per 2935    1    N    I   27    0   No   No
                               1:6  
                          (na)      Not applicable
HML16                  Corrected age from Individual file              2962    2    N    I   27    0   No   No
                               0:96  
                               97    97+
                               98    Don't know
                           (m) 99    Missing
HML16A                 Age in months (for children)                    3016    2    N    I   27    0   No   No
HML17                  Flag for age from Individual file               3070    1    N    I   27    0   No   No
                               0  No data from Individual file
                               1  Month and year - information complete
                               2  Month and age - year imputed
                               3  Year and age - month imputed
                               4  Year and age - year ignored
                               5  Year - age/month imputed
                               6  Age - year/month imputed
                               7  Month - age/year imputed
                               8  None - all imputed
                          (na)    Not applicable
HML18                  Pregnancy status from Individual file           3097    1    N    I   27    0   No   No
                               0  Not pregnant, don't know
                               1  Pregnant
                           (m) 9  Missing
                          (na)    Not applicable
HML19                  Person slept under an ever-treated net          3124    1    N    I   27    0   No   No
                               0  No
                               1  Yes
HML20                  Person slept under an LLIN net                  3151    1    N    I   27    0   No   No
                               0  No
                               1  Yes
HML30                  Line number of parent/caretaker (for malaria te 3178    2    N    I   27    0   No   No
                               0     Not in household
                               1:50  
                           (m) 99    Missing
                          (na)       Not applicable
HML31                  Read consent statement for malaria              3232    1    N    I   27    0   No   No
                               1  Granted
                               2  Refused
                               5  Not present
                               6  Other
                           (m) 9  Missing
                          (na)    Not applicable
HML32                  Final result of malaria from blood smear test   3259    1    N    I   27    0   No   No
                               0  Negative
                               1  Positive
                               3  Unreadable
                               6  Test undetermined
                               7  Sample not found in lab database
                           (m) 9  Missing
                          (na)    Not applicable
HML32A                 NA - Presence of species: falciparam (Pf)       3286    1    N    I   27    0   No   No
                               0  No
                               1  Yes
                           (m) 9  Missing
                          (na)    Not applicable
HML32B                 NA - Presence of species: malari (Pm)           3313    1    N    I   27    0   No   No
                               0  No
                               1  Yes
                           (m) 9  Missing
                          (na)    Not applicable
HML32C                 NA - Presence of species: ovale (Po)            3340    1    N    I   27    0   No   No
                               0  No
                               1  Yes
                           (m) 9  Missing
                          (na)    Not applicable
HML32D                 NA - Presence of species: vwax (Pv)             3367    1    N    I   27    0   No   No
                               0  No
                               1  Yes
                           (m) 9  Missing
                          (na)    Not applicable
HML32E                 NA - Presence of species: CS                    3394    1    N    I   27    0   No   No
                               0  No
                               1  Yes
                           (m) 9  Missing
                          (na)    Not applicable
HML32F                 NA - Presence of species: CS                    3421    1    N    I   27    0   No   No
                               0  No
                               1  Yes
                           (m) 9  Missing
                          (na)    Not applicable
HML32G                 NA - Presence of species: CS                    3448    1    N    I   27    0   No   No
                               0  No
                               1  Yes
                           (m) 9  Missing
                          (na)    Not applicable
HML33                  Result of malaria measurement                   3475    1    N    I   27    0   No   No
                               0  Measured
                               3  Not present
                               4  Refused
                               6  Other
                           (m) 9  Missing
                          (na)    Not applicable
HML34                  Bar code for blood smear sample                 3502    5   AN    I   27    0   No   No
HML35                  Result of malaria rapid test                    3637    1    N    I   27    0   No   No
                               0  Negative
                               1  Positive
                               6  Other
                           (m) 9  Missing
                          (na)    Not applicable
SH218A                 Symptoms exhibited by child: extreme weakness   3664    1    N    I   27    0   No   No
                               0  No
                               1  Yes
                           (m) 9  Missing
                          (na)    Not applicable
SH218B                 Symptoms exhibited by child: inability to eat   3691    1    N    I   27    0   No   No
                               0  No
                               1  Yes
                           (m) 9  Missing
                          (na)    Not applicable
SH218C                 Symptoms exhibited by child: pale or cold       3718    1    N    I   27    0   No   No
                               0  No
                               1  Yes
                           (m) 9  Missing
                          (na)    Not applicable
SH218D                 Symptoms exhibited by child: vomiting           3745    1    N    I   27    0   No   No
                               0  No
                               1  Yes
                           (m) 9  Missing
                          (na)    Not applicable
SH218E                 Symptoms exhibited by child: heart problems     3772    1    N    I   27    0   No   No
                               0  No
                               1  Yes
                           (m) 9  Missing
                          (na)    Not applicable
SH218F                 Symptoms exhibited by child: loss of conscuious 3799    1    N    I   27    0   No   No
                               0  No
                               1  Yes
                           (m) 9  Missing
                          (na)    Not applicable
SH218G                 Symptoms exhibited by child: rapid breathing    3826    1    N    I   27    0   No   No
                               0  No
                               1  Yes
                           (m) 9  Missing
                          (na)    Not applicable
SH218H                 Symptoms exhibited by child: seizures           3853    1    N    I   27    0   No   No
                               0  No
                               1  Yes
                           (m) 9  Missing
                          (na)    Not applicable
SH218I                 Symptoms exhibited by child: bleeding           3880    1    N    I   27    0   No   No
                               0  No
                               1  Yes
                           (m) 9  Missing
                          (na)    Not applicable
SH218J                 Symptoms exhibited by child: jaundice           3907    1    N    I   27    0   No   No
                               0  No
                               1  Yes
                           (m) 9  Missing
                          (na)    Not applicable
SH218K                 Symptoms exhibited by child: dark urine         3934    1    N    I   27    0   No   No
                               0  No
                               1  Yes
                           (m) 9  Missing
                          (na)    Not applicable
SH218Y                 Symptoms exhibited by child: No symptoms        3961    1    N    I   27    0   No   No
                               0  No
                               1  Yes, no symptoms
                           (m) 9  Missing
                          (na)    Not applicable
SH219                  Any symptoms exhibited by child                 3988    1    N    I   27    0   No   No
                               0  No
                               1  Yes
                           (m) 9  Missing
                          (na)    Not applicable
SH221                  Given ACT's to treat malaria in past 2 weeks    4015    1    N    I   27    0   No   No
                               0  No
                               1  Yes
                           (m) 9  Missing
                          (na)    Not applicable
SH225                  Accepted malaria medicine                       4042    1    N    I   27    0   No   No
                               0  No
                               1  Yes
                               6  Other
                           (m) 9  Missing
                          (na)    Not applicable
SH226                  Malaria treatment referral result code          4069    1    N    I   27    0   No   No
                               1  Medication given
                               2  Meds refused
                               3  Severe anemia referral
                               4  Already taking ACTS referral
                               6  Other
                           (m) 9  Missing
                          (na)    Not applicable
--------------------------------------------------------------------------------------------------------------
Relation Name         Primary               Linked by             Secondary             Linked by
--------------------------------------------------------------------------------------------------------------
